Component: ARM Compiler 5.06 update 7 (build 960) Tool: armlink [4d3601]

==============================================================================

Section Cross References

    main.o(i.main) refers to queue.o(i.xQueueGenericCreate) for xQueueGenericCreate
    main.o(i.main) refers to system.o(i.systemInit) for systemInit
    main.o(i.main) refers to tasks.o(i.xTaskCreate) for xTaskCreate
    main.o(i.main) refers to tasks.o(i.vTaskStartScheduler) for vTaskStartScheduler
    main.o(i.main) refers to main.o(.data) for .data
    main.o(i.main) refers to main.o(i.start_task) for start_task
    main.o(i.start_task) refers to port.o(i.vPortEnterCritical) for vPortEnterCritical
    main.o(i.start_task) refers to tasks.o(i.xTaskCreate) for xTaskCreate
    main.o(i.start_task) refers to tasks.o(i.vTaskDelete) for vTaskDelete
    main.o(i.start_task) refers to port.o(i.vPortExitCritical) for vPortExitCritical
    main.o(i.start_task) refers to main.o(.data) for .data
    main.o(i.start_task) refers to balance.o(i.Balance_task) for Balance_task
    main.o(i.start_task) refers to imu_task.o(i.MPU6050_task) for MPU6050_task
    main.o(i.start_task) refers to show.o(i.show_task) for show_task
    main.o(i.start_task) refers to led.o(i.led_task) for led_task
    main.o(i.start_task) refers to pstwo.o(i.pstwo_task) for pstwo_task
    main.o(i.start_task) refers to usartx.o(i.data_task) for data_task
    stm32f4xx_it.o(i.HardFault_Handler) refers to oled.o(i.OLED_ShowNumber) for OLED_ShowNumber
    stm32f4xx_it.o(i.HardFault_Handler) refers to oled.o(i.OLED_Refresh_Gram) for OLED_Refresh_Gram
    stm32f4xx_it.o(i.HardFault_Handler) refers to main.o(.data) for use
    stm32f4xx_it.o(i.HardFault_Handler) refers to main.o(.data) for xUART5_getinISR_Queue
    system_stm32f4xx.o(i.SystemCoreClockUpdate) refers to system_stm32f4xx.o(.data) for .data
    system_stm32f4xx.o(i.SystemInit) refers to system_stm32f4xx.o(i.SetSysClock) for SetSysClock
    adc.o(i.Adc_Init) refers to stm32f4xx_rcc.o(i.RCC_AHB1PeriphClockCmd) for RCC_AHB1PeriphClockCmd
    adc.o(i.Adc_Init) refers to stm32f4xx_rcc.o(i.RCC_APB2PeriphClockCmd) for RCC_APB2PeriphClockCmd
    adc.o(i.Adc_Init) refers to stm32f4xx_gpio.o(i.GPIO_Init) for GPIO_Init
    adc.o(i.Adc_Init) refers to stm32f4xx_rcc.o(i.RCC_APB2PeriphResetCmd) for RCC_APB2PeriphResetCmd
    adc.o(i.Adc_Init) refers to stm32f4xx_adc.o(i.ADC_CommonInit) for ADC_CommonInit
    adc.o(i.Adc_Init) refers to stm32f4xx_adc.o(i.ADC_Init) for ADC_Init
    adc.o(i.Adc_Init) refers to stm32f4xx_adc.o(i.ADC_Cmd) for ADC_Cmd
    adc.o(i.Adc_POWER_Init) refers to stm32f4xx_rcc.o(i.RCC_AHB1PeriphClockCmd) for RCC_AHB1PeriphClockCmd
    adc.o(i.Adc_POWER_Init) refers to stm32f4xx_rcc.o(i.RCC_APB2PeriphClockCmd) for RCC_APB2PeriphClockCmd
    adc.o(i.Adc_POWER_Init) refers to stm32f4xx_gpio.o(i.GPIO_Init) for GPIO_Init
    adc.o(i.Adc_POWER_Init) refers to stm32f4xx_rcc.o(i.RCC_APB2PeriphResetCmd) for RCC_APB2PeriphResetCmd
    adc.o(i.Adc_POWER_Init) refers to stm32f4xx_adc.o(i.ADC_CommonInit) for ADC_CommonInit
    adc.o(i.Adc_POWER_Init) refers to stm32f4xx_adc.o(i.ADC_Init) for ADC_Init
    adc.o(i.Adc_POWER_Init) refers to stm32f4xx_adc.o(i.ADC_Cmd) for ADC_Cmd
    adc.o(i.Get_Adc) refers to stm32f4xx_adc.o(i.ADC_RegularChannelConfig) for ADC_RegularChannelConfig
    adc.o(i.Get_Adc) refers to stm32f4xx_adc.o(i.ADC_SoftwareStartConv) for ADC_SoftwareStartConv
    adc.o(i.Get_Adc) refers to stm32f4xx_adc.o(i.ADC_GetFlagStatus) for ADC_GetFlagStatus
    adc.o(i.Get_Adc) refers to stm32f4xx_adc.o(i.ADC_GetConversionValue) for ADC_GetConversionValue
    adc.o(i.Get_Adc2) refers to stm32f4xx_adc.o(i.ADC_RegularChannelConfig) for ADC_RegularChannelConfig
    adc.o(i.Get_Adc2) refers to stm32f4xx_adc.o(i.ADC_SoftwareStartConv) for ADC_SoftwareStartConv
    adc.o(i.Get_Adc2) refers to stm32f4xx_adc.o(i.ADC_GetFlagStatus) for ADC_GetFlagStatus
    adc.o(i.Get_Adc2) refers to stm32f4xx_adc.o(i.ADC_GetConversionValue) for ADC_GetConversionValue
    adc.o(i.Get_adc_Average) refers to adc.o(i.Get_Adc) for Get_Adc
    adc.o(i.Get_adc_Average) refers to delay.o(i.delay_ms) for delay_ms
    adc.o(i.Get_battery_volt) refers to adc.o(i.Get_Adc2) for Get_Adc2
    adc.o(i.Get_battery_volt) refers to dfltui.o(.text) for __aeabi_ui2d
    adc.o(i.Get_battery_volt) refers to dmul.o(.text) for __aeabi_dmul
    adc.o(i.Get_battery_volt) refers to d2f.o(.text) for __aeabi_d2f
    can.o(i.CAN1_Mode_Init) refers to stm32f4xx_rcc.o(i.RCC_AHB1PeriphClockCmd) for RCC_AHB1PeriphClockCmd
    can.o(i.CAN1_Mode_Init) refers to stm32f4xx_rcc.o(i.RCC_APB1PeriphClockCmd) for RCC_APB1PeriphClockCmd
    can.o(i.CAN1_Mode_Init) refers to stm32f4xx_gpio.o(i.GPIO_Init) for GPIO_Init
    can.o(i.CAN1_Mode_Init) refers to stm32f4xx_gpio.o(i.GPIO_PinAFConfig) for GPIO_PinAFConfig
    can.o(i.CAN1_Mode_Init) refers to misc.o(i.NVIC_Init) for NVIC_Init
    can.o(i.CAN1_Mode_Init) refers to stm32f4xx_can.o(i.CAN_ITConfig) for CAN_ITConfig
[...]
    USBH_USR_SerialNum_String                0x08004e5f   Thumb Code     2  usbh_usr.o(i.USBH_USR_SerialNum_String)
    USBH_USR_UnrecoveredError                0x08004e61   Thumb Code     2  usbh_usr.o(i.USBH_USR_UnrecoveredError)
    USBH_USR_UserInput                       0x08004e63   Thumb Code     4  usbh_usr.o(i.USBH_USR_UserInput)
    USB_OTG_BSP_ConfigVBUS                   0x08004e67   Thumb Code     2  usb_bsp.o(i.USB_OTG_BSP_ConfigVBUS)
    USB_OTG_BSP_DisableInterrupt             0x08004e69   Thumb Code    22  usb_bsp.o(i.USB_OTG_BSP_DisableInterrupt)
    USB_OTG_BSP_DriveVBUS                    0x08004e7f   Thumb Code     2  usb_bsp.o(i.USB_OTG_BSP_DriveVBUS)
    USB_OTG_BSP_EnableInterrupt              0x08004e81   Thumb Code    32  usb_bsp.o(i.USB_OTG_BSP_EnableInterrupt)
    USB_OTG_BSP_Init                         0x08004ea1   Thumb Code    78  usb_bsp.o(i.USB_OTG_BSP_Init)
    USB_OTG_BSP_mDelay                       0x08004ef5   Thumb Code     4  usb_bsp.o(i.USB_OTG_BSP_mDelay)
    USB_OTG_BSP_uDelay                       0x08004ef9   Thumb Code     6  usb_bsp.o(i.USB_OTG_BSP_uDelay)
    USB_OTG_CoreInit                         0x08004eff   Thumb Code   128  usb_core.o(i.USB_OTG_CoreInit)
    USB_OTG_CoreInitHost                     0x08004f7f   Thumb Code   166  usb_core.o(i.USB_OTG_CoreInitHost)
    USB_OTG_DisableGlobalInt                 0x0800507d   Thumb Code    16  usb_core.o(i.USB_OTG_DisableGlobalInt)
    USB_OTG_DriveVbus                        0x0800508d   Thumb Code    60  usb_core.o(i.USB_OTG_DriveVbus)
    USB_OTG_EnableGlobalInt                  0x080050c9   Thumb Code    16  usb_core.o(i.USB_OTG_EnableGlobalInt)
    USB_OTG_EnableHostInt                    0x080050d9   Thumb Code    68  usb_core.o(i.USB_OTG_EnableHostInt)
    USB_OTG_FlushRxFifo                      0x08005125   Thumb Code    54  usb_core.o(i.USB_OTG_FlushRxFifo)
    USB_OTG_FlushTxFifo                      0x08005161   Thumb Code    62  usb_core.o(i.USB_OTG_FlushTxFifo)
    USB_OTG_HC_DoPing                        0x080051a5   Thumb Code    42  usb_core.o(i.USB_OTG_HC_DoPing)
    USB_OTG_HC_Halt                          0x080051cf   Thumb Code    70  usb_core.o(i.USB_OTG_HC_Halt)
    USB_OTG_HC_Init                          0x08005215   Thumb Code   236  usb_core.o(i.USB_OTG_HC_Init)
    USB_OTG_HC_StartXfer                     0x08005301   Thumb Code   256  usb_core.o(i.USB_OTG_HC_StartXfer)
    USB_OTG_InitFSLSPClkSel                  0x08005401   Thumb Code    12  usb_core.o(i.USB_OTG_InitFSLSPClkSel)
    USB_OTG_IsEvenFrame                      0x0800540d   Thumb Code    12  usb_core.o(i.USB_OTG_IsEvenFrame)
    USB_OTG_IsHostMode                       0x08005419   Thumb Code    14  usb_core.o(i.USB_OTG_IsHostMode)
    USB_OTG_ReadCoreItr                      0x08005427   Thumb Code    10  usb_core.o(i.USB_OTG_ReadCoreItr)
    USB_OTG_ReadHPRT0                        0x08005431   Thumb Code    12  usb_core.o(i.USB_OTG_ReadHPRT0)
    USB_OTG_ReadHostAllChannels_intr         0x0800543d   Thumb Code     6  usb_core.o(i.USB_OTG_ReadHostAllChannels_intr)
    USB_OTG_ReadPacket                       0x08005443   Thumb Code    32  usb_core.o(i.USB_OTG_ReadPacket)
    USB_OTG_ResetPort                        0x08005463   Thumb Code    42  usb_core.o(i.USB_OTG_ResetPort)
    USB_OTG_SelectCore                       0x0800548d   Thumb Code   188  usb_core.o(i.USB_OTG_SelectCore)
    USB_OTG_SetCurrentMode                   0x0800554d   Thumb Code    42  usb_core.o(i.USB_OTG_SetCurrentMode)
    USB_OTG_WritePacket                      0x08006351   Thumb Code    42  usb_core.o(i.USB_OTG_WritePacket)
    Uart2Send                                0x0800637d   Thumb Code    58  imu_task.o(i.Uart2Send)
    UsageFault_Handler                       0x080063bd   Thumb Code     2  stm32f4xx_it.o(i.UsageFault_Handler)
    V1_0_LED_Init                            0x080063c1   Thumb Code    58  led.o(i.V1_0_LED_Init)
    V1_1_LED_Init                            0x08006401   Thumb Code    58  led.o(i.V1_1_LED_Init)
    VolMean_Filter                           0x08006441   Thumb Code   128  show.o(i.VolMean_Filter)
    Vz_to_Akm_Angle                          0x080064d9   Thumb Code   156  usartx.o(i.Vz_to_Akm_Angle)
    WitDelayMsRegister                       0x08006585   Thumb Code    16  wit_c_sdk.o(i.WitDelayMsRegister)
    WitInit                                  0x08006599   Thumb Code    22  wit_c_sdk.o(i.WitInit)
    WitRegisterCallBack                      0x080065b5   Thumb Code    16  wit_c_sdk.o(i.WitRegisterCallBack)
    WitSerialDataIn                          0x080065c9   Thumb Code   124  wit_c_sdk.o(i.WitSerialDataIn)
    WitSerialWriteRegister                   0x0800664d   Thumb Code    16  wit_c_sdk.o(i.WitSerialWriteRegister)
    __0printf                                0x08006661   Thumb Code    22  printfa.o(i.__0printf)
    __1printf                                0x08006661   Thumb Code     0  printfa.o(i.__0printf)
    __2printf                                0x08006661   Thumb Code     0  printfa.o(i.__0printf)
    __c89printf                              0x08006661   Thumb Code     0  printfa.o(i.__0printf)
    printf                                   0x08006661   Thumb Code     0  printfa.o(i.__0printf)
    __ARM_fpclassify                         0x08006681   Thumb Code    48  fpclassify.o(i.__ARM_fpclassify)
    __hardfp_atan                            0x080066b1   Thumb Code   622  atan.o(i.__hardfp_atan)
    __kernel_poly                            0x08006989   Thumb Code   248  poly.o(i.__kernel_poly)
    __mathlib_dbl_infnan                     0x08006a81   Thumb Code    20  dunder.o(i.__mathlib_dbl_infnan)
    __mathlib_dbl_underflow                  0x08006a99   Thumb Code    24  dunder.o(i.__mathlib_dbl_underflow)
    __scatterload_copy                       0x08006ab9   Thumb Code    14  handlers.o(i.__scatterload_copy)
    __scatterload_null                       0x08006ac7   Thumb Code     2  handlers.o(i.__scatterload_null)
    __scatterload_zeroinit                   0x08006ac9   Thumb Code    14  handlers.o(i.__scatterload_zeroinit)
    apply_deadzone                           0x08007365   Thumb Code    20  pstwo.o(i.apply_deadzone)
    bias2angle                               0x0800737d   Thumb Code    44  pstwo.o(i.bias2angle)
    data_task                                0x080073b9   Thumb Code    60  usartx.o(i.data_task)
    delay_init                               0x080073fd   Thumb Code    50  delay.o(i.delay_init)
    delay_ms                                 0x08007435   Thumb Code    52  delay.o(i.delay_ms)
    delay_us                                 0x0800746d   Thumb Code    48  delay.o(i.delay_us)
    fabs                                     0x080074a1   Thumb Code    24  fabs.o(i.fabs)
    float_abs                                0x080074b9   Thumb Code    16  balance.o(i.float_abs)
    fputc                                    0x080074c9   Thumb Code    14  usart.o(i.fputc)
    getSysTickCnt                            0x080074dd   Thumb Code    24  delay.o(i.getSysTickCnt)
    invMSInit                                0x080074f9   Thumb Code    24  icm20948.o(i.invMSInit)
    led_task                                 0x08007827   Thumb Code    18  led.o(i.led_task)
    main                                     0x08007839   Thumb Code    58  main.o(i.main)
    moving_average                           0x08007889   Thumb Code    64  pstwo.o(i.moving_average)
    oled_pow                                 0x080078d5   Thumb Code    16  oled.o(i.oled_pow)
    oled_show                                0x080078e5   Thumb Code  4764  show.o(i.oled_show)
    oled_showfloat                           0x08008d29   Thumb Code   224  oled.o(i.oled_showfloat)
    parse_packet                             0x08008e09   Thumb Code    86  usartx.o(i.parse_packet)
    ps2_set_bit                              0x080096c5   Thumb Code    20  usbh_hid_joy.o(i.ps2_set_bit)
    pstwo_task                               0x080096d9   Thumb Code   334  pstwo.o(i.pstwo_task)
    pvPortMalloc                             0x0800984d   Thumb Code   214  heap_4.o(i.pvPortMalloc)
    pvTaskIncrementMutexHeldCount            0x08009961   Thumb Code    18  tasks.o(i.pvTaskIncrementMutexHeldCount)
    pxPortInitialiseStack                    0x08009979   Thumb Code    40  port.o(i.pxPortInitialiseStack)
    rotation                                 0x080099a5   Thumb Code   190  balance.o(i.rotation)
    rotation1                                0x08009a81   Thumb Code   190  balance.o(i.rotation1)
    show_task                                0x08009b5d   Thumb Code   300  show.o(i.show_task)
    start_task                               0x08009cbd   Thumb Code   156  main.o(i.start_task)
    systemInit                               0x08009dc1   Thumb Code   332  system.o(i.systemInit)
    target_limit_float                       0x08009f3d   Thumb Code    32  balance.o(i.target_limit_float)
    uart1_init                               0x08009f5d   Thumb Code   246  usartx.o(i.uart1_init)
    uart5_init                               0x0800a065   Thumb Code   294  usartx.o(i.uart5_init)
    uxListRemove                             0x0800a1a1   Thumb Code    36  list.o(i.uxListRemove)
    vListInitialise                          0x0800a1c5   Thumb Code    22  list.o(i.vListInitialise)
    vListInitialiseItem                      0x0800a1db   Thumb Code     6  list.o(i.vListInitialiseItem)
    vListInsert                              0x0800a1e1   Thumb Code    48  list.o(i.vListInsert)
    vListInsertEnd                           0x0800a211   Thumb Code    24  list.o(i.vListInsertEnd)
    vPortEnterCritical                       0x0800a229   Thumb Code    50  port.o(i.vPortEnterCritical)
    vPortExitCritical                        0x0800a2a1   Thumb Code    34  port.o(i.vPortExitCritical)
    vPortFree                                0x0800a305   Thumb Code    94  heap_4.o(i.vPortFree)
    vPortSetupTimerInterrupt                 0x0800a3a1   Thumb Code    26  port.o(i.vPortSetupTimerInterrupt)
    vPortValidateInterruptPriority           0x0800a3c1   Thumb Code    70  port.o(i.vPortValidateInterruptPriority)
    vQueueAddToRegistry                      0x0800a44d   Thumb Code    32  queue.o(i.vQueueAddToRegistry)
    vQueueWaitForMessageRestricted           0x0800a471   Thumb Code    68  queue.o(i.vQueueWaitForMessageRestricted)
    vTaskDelay                               0x0800a4b5   Thumb Code    62  tasks.o(i.vTaskDelay)
    vTaskDelayUntil                          0x0800a521   Thumb Code   128  tasks.o(i.vTaskDelayUntil)
    vTaskDelete                              0x0800a5cd   Thumb Code   152  tasks.o(i.vTaskDelete)
    vTaskMissedYield                         0x0800a699   Thumb Code     8  tasks.o(i.vTaskMissedYield)
    vTaskPlaceOnEventList                    0x0800a6a5   Thumb Code    44  tasks.o(i.vTaskPlaceOnEventList)
    vTaskPlaceOnEventListRestricted          0x0800a6f9   Thumb Code    52  tasks.o(i.vTaskPlaceOnEventListRestricted)
    vTaskPriorityInherit                     0x0800a755   Thumb Code   124  tasks.o(i.vTaskPriorityInherit)
    vTaskSetTimeOutState                     0x0800a7d9   Thumb Code    30  tasks.o(i.vTaskSetTimeOutState)
    vTaskStartScheduler                      0x0800a821   Thumb Code    96  tasks.o(i.vTaskStartScheduler)
    vTaskSuspendAll                          0x0800a8b5   Thumb Code    10  tasks.o(i.vTaskSuspendAll)
    vTaskSwitchContext                       0x0800a8c5   Thumb Code    80  tasks.o(i.vTaskSwitchContext)
    xPortStartScheduler                      0x0800a941   Thumb Code   196  port.o(i.xPortStartScheduler)
    xPortSysTickHandler                      0x0800aa55   Thumb Code    38  port.o(i.xPortSysTickHandler)
    xQueueGenericCreate                      0x0800aa81   Thumb Code    82  queue.o(i.xQueueGenericCreate)
    xQueueGenericReceive                     0x0800aaf9   Thumb Code   348  queue.o(i.xQueueGenericReceive)
    xQueueGenericReset                       0x0800ac7d   Thumb Code   128  queue.o(i.xQueueGenericReset)
    xQueueGenericSend                        0x0800ad25   Thumb Code   350  queue.o(i.xQueueGenericSend)
    xQueueGenericSendFromISR                 0x0800aead   Thumb Code   188  queue.o(i.xQueueGenericSendFromISR)
    xTaskCheckForTimeOut                     0x0800af8d   Thumb Code    94  tasks.o(i.xTaskCheckForTimeOut)
    xTaskCreate                              0x0800b015   Thumb Code    86  tasks.o(i.xTaskCreate)
    xTaskGetSchedulerState                   0x0800b06d   Thumb Code    22  tasks.o(i.xTaskGetSchedulerState)
    xTaskGetTickCount                        0x0800b089   Thumb Code     6  tasks.o(i.xTaskGetTickCount)
    xTaskIncrementTick                       0x0800b095   Thumb Code   188  tasks.o(i.xTaskIncrementTick)
    xTaskPriorityDisinherit                  0x0800b17d   Thumb Code   136  tasks.o(i.xTaskPriorityDisinherit)
    xTaskRemoveFromEventList                 0x0800b231   Thumb Code   102  tasks.o(i.xTaskRemoveFromEventList)
    xTaskResumeAll                           0x0800b2c9   Thumb Code   180  tasks.o(i.xTaskResumeAll)
    xTimerCreate                             0x0800b3ad   Thumb Code    74  timers.o(i.xTimerCreate)
    xTimerCreateTimerTask                    0x0800b421   Thumb Code    58  timers.o(i.xTimerCreateTimerTask)
    xTimerGenericCommand                     0x0800b495   Thumb Code    98  timers.o(i.xTimerGenericCommand)
    oled_asc2_1206                           0x0800b524   Data        1140  oled.o(.constdata)
    oled_asc2_1608                           0x0800b998   Data        1520  oled.o(.constdata)
    cfont16                                  0x0800bf88   Data        3434  oled.o(.constdata)
    cfont12                                  0x0800ccf2   Data         598  oled.o(.constdata)
    gImage_usb_bmp                           0x0800cf48   Data         512  oled.o(.constdata)
    Region$$Table$$Base                      0x0800d23c   Number         0  anon$$obj.o(Region$$Table)
    Region$$Table$$Limit                     0x0800d25c   Number         0  anon$$obj.o(Region$$Table)
    use                                      0x20000000   Data           4  main.o(.data)
    StartTask_Handler                        0x20000004   Data           4  main.o(.data)
    Balance_task_Handler                     0x20000008   Data           4  main.o(.data)
    MPU6050_task_Handler                     0x2000000c   Data           4  main.o(.data)
    led_task_Handler                         0x20000010   Data           4  main.o(.data)
    pstwo_task_Handler                       0x20000014   Data           4  main.o(.data)
    data_task_Handler                        0x20000018   Data           4  main.o(.data)
    show_task_Handler                        0x2000001c   Data           4  main.o(.data)
    xUART5_getinISR_Queue                    0x20000020   Data           4  main.o(.data)
    xUSART1_getinISR_Queue                   0x20000024   Data           4  main.o(.data)
    SystemCoreClock                          0x20000028   Data           4  system_stm32f4xx.o(.data)
    AHBPrescTable                            0x2000002c   Data          16  system_stm32f4xx.o(.data)
    Voltage                                  0x2000003c   Data           4  adc.o(.data)
    Voltage_All                              0x20000040   Data           4  adc.o(.data)
    usb_ps2_ready                            0x20000044   Data           1  pstwo.o(.data)
    Comd                                     0x20000045   Data           2  pstwo.o(.data)
    Handkey                                  0x20000048   Data           2  pstwo.o(.data)
    buffer_index                             0x2000004c   Data           4  pstwo.o(.data)
    y_pid                                    0x20000058   Data          20  pstwo.o(.data)
    MASK                                     0x2000006c   Data          32  pstwo.o(.data)
    TIM8CH1_CAPTURE_STA                      0x2000008c   Data           1  timer.o(.data)
    TIM8CH2_CAPTURE_STA                      0x2000008d   Data           1  timer.o(.data)
    TIM8CH3_CAPTURE_STA                      0x2000008e   Data           1  timer.o(.data)
    TIM8CH4_CAPTURE_STA                      0x2000008f   Data           1  timer.o(.data)
    TIM8CH1_CAPTURE_UPVAL                    0x20000094   Data           2  timer.o(.data)
    TIM8CH1_CAPTURE_DOWNVAL                  0x20000096   Data           2  timer.o(.data)
    TIM8CH2_CAPTURE_UPVAL                    0x20000098   Data           2  timer.o(.data)
    TIM8CH2_CAPTURE_DOWNVAL                  0x2000009a   Data           2  timer.o(.data)
    TIM8CH3_CAPTURE_UPVAL                    0x2000009c   Data           2  timer.o(.data)
    TIM8CH3_CAPTURE_DOWNVAL                  0x2000009e   Data           2  timer.o(.data)
    TIM8CH4_CAPTURE_UPVAL                    0x200000a0   Data           2  timer.o(.data)
    TIM8CH4_CAPTURE_DOWNVAL                  0x200000a2   Data           2  timer.o(.data)
    Remoter_Ch1                              0x200000a4   Data           4  timer.o(.data)
    Remoter_Ch2                              0x200000a8   Data           4  timer.o(.data)
    Remoter_Ch3                              0x200000ac   Data           4  timer.o(.data)
    Remoter_Ch4                              0x200000b0   Data           4  timer.o(.data)
    L_Remoter_Ch1                            0x200000b4   Data           4  timer.o(.data)
    L_Remoter_Ch2                            0x200000b8   Data           4  timer.o(.data)
    L_Remoter_Ch3                            0x200000bc   Data           4  timer.o(.data)
    L_Remoter_Ch4                            0x200000c0   Data           4  timer.o(.data)
    TIM8_T1                                  0x200000c4   Data           4  timer.o(.data)
    TIM8_T2                                  0x200000c8   Data           4  timer.o(.data)
    TIM8_T3                                  0x200000cc   Data           4  timer.o(.data)
    TIM8_T4                                  0x200000d0   Data           4  timer.o(.data)
    usart1_rx_len                            0x200000da   Data           2  usartx.o(.data)
    received_len                             0x200000dc   Data           4  usartx.o(.data)
    ROS_rx_start                             0x200000e0   Data           4  usartx.o(.data)
    ROS_rx_end                               0x200000e4   Data           4  usartx.o(.data)
    buffer_finish                            0x200000e8   Data           4  usartx.o(.data)
    uart5_error_count                        0x200000ec   Data           4  usartx.o(.data)
    concrete_angle                           0x200000fc   Data           4  usartx.o(.data)
    SEND_FLAG_BUFFER                         0x20000110   Data          20  usartx.o(.data)
    dma2_usart6_rx_buffer                    0x20000124   Data          20  usartx.o(.data)
    Allow_Recharge                           0x20000144   Data           1  autorecharge.o(.data)
    Charging_Current                         0x20000148   Data           4  autorecharge.o(.data)
    Charging                                 0x2000014c   Data           1  autorecharge.o(.data)
    RED_STATE                                0x2000014d   Data           1  autorecharge.o(.data)
    Recharge_Red_Move_X                      0x20000150   Data           4  autorecharge.o(.data)
    Recharge_Red_Move_Y                      0x20000154   Data           4  autorecharge.o(.data)
    Recharge_Red_Move_Z                      0x20000158   Data           4  autorecharge.o(.data)
    L_A                                      0x2000015c   Data           1  autorecharge.o(.data)
    L_B                                      0x2000015d   Data           1  autorecharge.o(.data)
    R_B                                      0x2000015e   Data           1  autorecharge.o(.data)
    R_A                                      0x2000015f   Data           1  autorecharge.o(.data)
    gstGyroOffset                            0x20000168   Data           6  icm20948.o(.data)
    __stdout                                 0x200001a0   Data           4  usart.o(.data)
    pxCurrentTCB                             0x200001b4   Data           4  tasks.o(.data)
    start_check_flag                         0x20000228   Data           1  balance.o(.data)
    wait_clear_times                         0x20000229   Data           1  balance.o(.data)
    start_clear                              0x2000022a   Data           1  balance.o(.data)
    clear_done_once                          0x2000022b   Data           1  balance.o(.data)
    clear_state                              0x2000022c   Data           1  balance.o(.data)
    clear_again_times                        0x20000230   Data           2  balance.o(.data)
    Buzzer_count1                            0x20000234   Data           4  balance.o(.data)
    robot_mode_check_flag                    0x20000238   Data           4  balance.o(.data)
    rotation_Kp                              0x2000023c   Data           4  balance.o(.data)
    rotation_Kd                              0x20000240   Data           4  balance.o(.data)
    rotation_Ki                              0x20000244   Data           4  balance.o(.data)
    rotation_Kp1                             0x20000248   Data           4  balance.o(.data)
    rotation_Kd1                             0x2000024c   Data           4  balance.o(.data)
    rotation_Ki1                             0x20000250   Data           4  balance.o(.data)
    angle_error1                             0x200002c4   Data           4  balance.o(.data)
    output1                                  0x200002c8   Data           4  balance.o(.data)
    command_lost_count                       0x200002cc   Data           1  balance.o(.data)
    oled_page                                0x200002d0   Data           1  show.o(.data)
    oled_refresh_flag                        0x200002d6   Data           1  show.o(.data)
    Buzzer_count                             0x200002d8   Data           4  show.o(.data)
    base_vol                                 0x200002dc   Data           4  show.o(.data)
    Voltage_Show                             0x200002e8   Data           4  show.o(.data)
    s_cDataUpdate                            0x200002ec   Data           1  imu_task.o(.data)
    s_cCmd                                   0x200002ed   Data           1  imu_task.o(.data)
    fAngle1                                  0x200002f0   Data           4  imu_task.o(.data)
    JY61P_ULOCK_CMD                          0x200002f4   Data           5  imu_task.o(.data)
    JY61P_SAVE_CMD                           0x200002f9   Data           5  imu_task.o(.data)
    JY61P_XY0_CMD                            0x200002fe   Data           5  imu_task.o(.data)
    JY61P_Z0_CMD                             0x20000303   Data           5  imu_task.o(.data)
    Car_Mode                                 0x20000308   Data           1  system.o(.data)
    Velocity_KP                              0x2000030c   Data           4  system.o(.data)
    Velocity_KI                              0x20000310   Data           4  system.o(.data)
    Wheel_perimeter                          0x20000314   Data           4  system.o(.data)
    Wheel_spacing                            0x20000318   Data           4  system.o(.data)
    Axle_spacing                             0x2000031c   Data           4  system.o(.data)
    PS2_ON_Flag                              0x20000320   Data           1  system.o(.data)
    APP_ON_Flag                              0x20000321   Data           1  system.o(.data)
    Remote_ON_Flag                           0x20000322   Data           1  system.o(.data)
    CAN_ON_Flag                              0x20000323   Data           1  system.o(.data)
    Check                                    0x20000324   Data           4  system.o(.data)
    CheckPhrase1                             0x20000328   Data           4  system.o(.data)
    CheckPhrase2                             0x2000032c   Data           4  system.o(.data)
    Get_Charging_HardWare                    0x20000330   Data           1  system.o(.data)
    charger_check                            0x20000331   Data           1  system.o(.data)
    Proc_Flag                                0x20000332   Data           1  system.o(.data)
    Servo_Count                              0x20000334   Data          24  system.o(.data)
    uart2_send_flag                          0x2000034c   Data           1  system.o(.data)
    Divisor_Mode                             0x20000350   Data           4  system.o(.data)
    Servo                                    0x20000354   Data           4  system.o(.data)
    Move_X                                   0x20000358   Data           4  system.o(.data)
    Move_Y                                   0x2000035c   Data           4  system.o(.data)
    Move_Z                                   0x20000360   Data           4  system.o(.data)
    Encoder_precision                        0x20000364   Data           4  system.o(.data)
    Omni_turn_radiaus                        0x20000368   Data           4  system.o(.data)
    Usart1_ON_Flag                           0x2000036c   Data           1  system.o(.data)
    Usart5_ON_Flag                           0x2000036d   Data           1  system.o(.data)
    POT_val                                  0x20000370   Data           4  system.o(.data)
    USBH_HCD_INT_cb                          0x20000374   Data          20  usbh_core.o(.data)
    USBH_HCD_INT_fops                        0x20000388   Data           4  usbh_core.o(.data)
    int_noresponse                           0x2000038e   Data           2  usbh_core.o(.data)
    start_toggle                             0x20000392   Data           1  usbh_hid_core.o(.data)
    HID_cb                                   0x20000394   Data          16  usbh_hid_core.o(.data)
    ps2_type                                 0x200003a4   Data           1  usbh_hid_joy.o(.data)
    ps2_data                                 0x200003a6   Data           6  usbh_hid_joy.o(.data)
    HID_JOY_cb                               0x200003ac   Data           8  usbh_hid_joy.o(.data)
    usb_wait_EnumReady                       0x200003b4   Data           1  usbh_usr.o(.data)
    enum_error                               0x200003b6   Data           2  usbh_usr.o(.data)
    USR_Callbacks                            0x200003b8   Data          72  usbh_usr.o(.data)
    rx_buffer                                0x20000400   Data          11  usartx.o(.dma_buffer)
    OLED_GRAM                                0x20000418   Data        1024  oled.o(.bss)
    Data                                     0x20000818   Data           9  pstwo.o(.bss)
    angle_buffer                             0x20000824   Data          20  pstwo.o(.bss)
    RX_DATA                                  0x20000838   Data         200  usartx.o(.bss)
    result                                   0x20000900   Data          10  usartx.o(.bss)
    Send_Data                                0x2000090a   Data          48  usartx.o(.bss)
    Receive_Data                             0x2000093c   Data          32  usartx.o(.bss)
    Send_AutoCharge_Data                     0x2000095c   Data          16  usartx.o(.bss)
    sReg                                     0x20000ad8   Data         288  wit_c_sdk.o(.bss)
    xQueueRegistry                           0x20000bf8   Data          64  queue.o(.bss)
    OriginalEncoder                          0x20005f44   Data          16  balance.o(.bss)
    Robot_Parament                           0x20005f54   Data          24  robot_select_init.o(.bss)
    imu                                      0x200060fc   Data          36  imu_task.o(.bss)
    MOTOR_A                                  0x20006120   Data          20  system.o(.bss)
    MOTOR_B                                  0x20006134   Data          20  system.o(.bss)
    MOTOR_C                                  0x20006148   Data          20  system.o(.bss)
    MOTOR_D                                  0x2000615c   Data          20  system.o(.bss)
    USB_Host                                 0x20006170   Data         132  system.o(.bss)
    USB_OTG_Core_dev                         0x200061f4   Data        1456  system.o(.bss)
    SysVal                                   0x200067a4   Data          12  system.o(.bss)
    HID_Machine                              0x200067b0   Data          84  usbh_hid_core.o(.bss)
    HID_Desc                                 0x20006804   Data          10  usbh_hid_core.o(.bss)
    __initial_sp                             0x20007010   Data           0  startup_stm32f40_41xxx.o(STACK)



==============================================================================

Memory Map of the image

  Image Entry point : 0x08000189

  Load Region LR_IROM1 (Base: 0x08000000, Size: 0x0000d668, Max: 0x00080000, ABSOLUTE, COMPRESSED[0x0000d37c])

    Execution Region ER_IROM1 (Exec base: 0x08000000, Load base: 0x08000000, Size: 0x0000d25c, Max: 0x00080000, ABSOLUTE)

    Exec Addr    Load Addr    Size         Type   Attr      Idx    E Section Name        Object

    0x08000000   0x08000000   0x00000188   Data   RO         2113    RESET               startup_stm32f40_41xxx.o
    0x08000188   0x08000188   0x00000000   Code   RO         9366  * .ARM.Collect$$$$00000000  mc_w.l(entry.o)
    0x08000188   0x08000188   0x00000004   Code   RO         9680    .ARM.Collect$$$$00000001  mc_w.l(entry2.o)
    0x0800018c   0x0800018c   0x00000004   Code   RO         9683    .ARM.Collect$$$$00000004  mc_w.l(entry5.o)
    0x08000190   0x08000190   0x00000000   Code   RO         9685    .ARM.Collect$$$$00000008  mc_w.l(entry7b.o)
    0x08000190   0x08000190   0x00000000   Code   RO         9687    .ARM.Collect$$$$0000000A  mc_w.l(entry8b.o)
    0x08000190   0x08000190   0x00000008   Code   RO         9688    .ARM.Collect$$$$0000000B  mc_w.l(entry9a.o)
    0x08000198   0x08000198   0x00000004   Code   RO         9695    .ARM.Collect$$$$0000000E  mc_w.l(entry12b.o)
    0x0800019c   0x0800019c   0x00000000   Code   RO         9690    .ARM.Collect$$$$0000000F  mc_w.l(entry10a.o)
    0x0800019c   0x0800019c   0x00000000   Code   RO         9692    .ARM.Collect$$$$00000011  mc_w.l(entry11a.o)
    0x0800019c   0x0800019c   0x00000004   Code   RO         9681    .ARM.Collect$$$$00002712  mc_w.l(entry2.o)
    0x080001a0   0x080001a0   0x000000b6   Code   RO         7724    .emb_text           port.o
    0x08000256   0x08000256   0x00000002   PAD
    0x08000258   0x08000258   0x00000024   Code   RO         2114    .text               startup_stm32f40_41xxx.o
    0x0800027c   0x0800027c   0x00000024   Code   RO         9369    .text               mc_w.l(memcpya.o)
    0x080002a0   0x080002a0   0x00000024   Code   RO         9371    .text               mc_w.l(memseta.o)
    0x080002c4   0x080002c4   0x0000014e   Code   RO         9640    .text               mf_w.l(dadd.o)
    0x08000412   0x08000412   0x000000e4   Code   RO         9642    .text               mf_w.l(dmul.o)
    0x080004f6   0x080004f6   0x000000de   Code   RO         9644    .text               mf_w.l(ddiv.o)
    0x080005d4   0x080005d4   0x00000022   Code   RO         9646    .text               mf_w.l(dflti.o)
    0x080005f6   0x080005f6   0x0000001a   Code   RO         9648    .text               mf_w.l(dfltui.o)
    0x08000610   0x08000610   0x00000026   Code   RO         9650    .text               mf_w.l(f2d.o)
    0x08000636   0x08000636   0x00000002   PAD
    0x08000638   0x08000638   0x00000030   Code   RO         9652    .text               mf_w.l(cdcmple.o)
    0x08000668   0x08000668   0x00000038   Code   RO         9654    .text               mf_w.l(d2f.o)
    0x080006a0   0x080006a0   0x0000002c   Code   RO         9696    .text               mc_w.l(uidiv.o)
    0x080006cc   0x080006cc   0x00000062   Code   RO         9698    .text               mc_w.l(uldiv.o)
    0x0800072e   0x0800072e   0x0000001e   Code   RO         9700    .text               mc_w.l(llshl.o)
    0x0800074c   0x0800074c   0x00000024   Code   RO         9702    .text               mc_w.l(llsshr.o)
    0x08000770   0x08000770   0x00000000   Code   RO         9711    .text               mc_w.l(iusefp.o)
    0x08000770   0x08000770   0x0000006e   Code   RO         9712    .text               mf_w.l(fepilogue.o)
    0x080007de   0x080007de   0x000000ba   Code   RO         9714    .text               mf_w.l(depilogue.o)
    0x08000898   0x08000898   0x00000030   Code   RO         9720    .text               mf_w.l(dfixul.o)
    0x080008c8   0x080008c8   0x00000030   Code   RO         9722    .text               mf_w.l(cdrcmple.o)
    0x080008f8   0x080008f8   0x00000024   Code   RO         9724    .text               mc_w.l(init.o)
    0x0800091c   0x0800091c   0x00000020   Code   RO         9726    .text               mc_w.l(llushr.o)
    0x0800093c   0x0800093c   0x00000056   Code   RO         9736    .text               mc_w.l(__dczerorl2.o)
    0x08000992   0x08000992   0x00000014   Code   RO         2846    i.ADC_Cmd           stm32f4xx_adc.o
    0x080009a6   0x080009a6   0x00000002   PAD
    0x080009a8   0x080009a8   0x0000002c   Code   RO         2847    i.ADC_CommonInit    stm32f4xx_adc.o
    0x080009d4   0x080009d4   0x00000006   Code   RO         2858    i.ADC_GetConversionValue  stm32f4xx_adc.o
    0x080009da   0x080009da   0x0000000e   Code   RO         2859    i.ADC_GetFlagStatus  stm32f4xx_adc.o
    0x080009e8   0x080009e8   0x0000004c   Code   RO         2866    i.ADC_Init          stm32f4xx_adc.o
    0x08000a34   0x08000a34   0x00000074   Code   RO         2871    i.ADC_RegularChannelConfig  stm32f4xx_adc.o
    0x08000aa8   0x08000aa8   0x0000000a   Code   RO         2873    i.ADC_SoftwareStartConv  stm32f4xx_adc.o
    0x08000ab2   0x08000ab2   0x00000002   PAD
    0x08000ab4   0x08000ab4   0x00000080   Code   RO          503    i.Adc_Init          adc.o
    0x08000b34   0x08000b34   0x00000080   Code   RO          504    i.Adc_POWER_Init    adc.o
    0x08000bb4   0x08000bb4   0x00000104   Code   RO         7866    i.Balance_task      balance.o
    0x08000cb8   0x08000cb8   0x00000002   Code   RO          340    i.BusFault_Handler  stm32f4xx_it.o
    0x08000cba   0x08000cba   0x00000002   PAD
    0x08000cbc   0x08000cbc   0x00000034   Code   RO          777    i.Buzzer_Init       led.o
    0x08000cf0   0x08000cf0   0x00000198   Code   RO          566    i.CAN1_Mode_Init    can.o
    0x08000e88   0x08000e88   0x00000280   Code   RO          568    i.CAN1_RX0_IRQHandler  can.o
    0x08001108   0x08001108   0x00000094   Code   RO          570    i.CAN1_Rx_Msg       can.o
    0x0800119c   0x0800119c   0x00000036   Code   RO          571    i.CAN1_Send_EXTid_Num  can.o
    0x080011d2   0x080011d2   0x00000002   PAD
    0x080011d4   0x080011d4   0x000000c0   Code   RO          575    i.CAN1_Tx_Msg       can.o
    0x08001294   0x08001294   0x00000064   Code   RO          576    i.CAN1_Tx_Staus     can.o
    0x080012f8   0x080012f8   0x00000010   Code   RO         3094    i.CAN_ITConfig      stm32f4xx_can.o
    0x08001308   0x08001308   0x000000b4   Code   RO         1794    i.CopeWitData       wit_c_sdk.o
    0x080013bc   0x080013bc   0x0000002c   Code   RO         4452    i.DMA_ClearFlag     stm32f4xx_dma.o
    0x080013e8   0x080013e8   0x00000014   Code   RO         4454    i.DMA_Cmd           stm32f4xx_dma.o
    0x080013fc   0x080013fc   0x00000006   Code   RO         4460    i.DMA_GetCurrDataCounter  stm32f4xx_dma.o
    0x08001402   0x08001402   0x00000002   PAD
    0x08001404   0x08001404   0x00000054   Code   RO         4466    i.DMA_Init          stm32f4xx_dma.o
    0x08001458   0x08001458   0x00000004   Code   RO         4469    i.DMA_SetCurrDataCounter  stm32f4xx_dma.o
    0x0800145c   0x0800145c   0x00000002   Code   RO          341    i.DebugMon_Handler  stm32f4xx_it.o
    0x0800145e   0x0800145e   0x00000004   Code   RO         8137    i.Delayms           imu_task.o
    0x08001462   0x08001462   0x00000002   PAD
    0x08001464   0x08001464   0x00000118   Code   RO         7867    i.Drive_Motor       balance.o
    0x0800157c   0x0800157c   0x00000030   Code   RO          828    i.Enable_Pin        motor.o
    0x080015ac   0x080015ac   0x000000dc   Code   RO          646    i.Encoder_Init_TIM2  encoder.o
    0x08001688   0x08001688   0x000000bc   Code   RO          647    i.Encoder_Init_TIM3  encoder.o
    0x08001744   0x08001744   0x000000bc   Code   RO          648    i.Encoder_Init_TIM4  encoder.o
    0x08001800   0x08001800   0x000000bc   Code   RO          649    i.Encoder_Init_TIM5  encoder.o
    0x080018bc   0x080018bc   0x00000048   Code   RO          872    i.FenJie_float      oled.o
    0x08001904   0x08001904   0x00000024   Code   RO         8220    i.Find_Charging_HardWare  system.o
    0x08001928   0x08001928   0x00000078   Code   RO         2165    i.GPIO_Init         stm32f4xx_gpio.o
    0x080019a0   0x080019a0   0x00000020   Code   RO         2166    i.GPIO_PinAFConfig  stm32f4xx_gpio.o
    0x080019c0   0x080019c0   0x00000004   Code   RO         2173    i.GPIO_SetBits      stm32f4xx_gpio.o
    0x080019c4   0x080019c4   0x00000030   Code   RO          505    i.Get_Adc           adc.o
    0x080019f4   0x080019f4   0x00000030   Code   RO          506    i.Get_Adc2          adc.o
    0x08001a24   0x08001a24   0x000000fc   Code   RO         7869    i.Get_Velocity_Form_Encoder  balance.o
    0x08001b20   0x08001b20   0x0000002e   Code   RO          507    i.Get_adc_Average   adc.o
    0x08001b4e   0x08001b4e   0x00000002   PAD
    0x08001b50   0x08001b50   0x00000068   Code   RO          508    i.Get_battery_volt  adc.o
    0x08001bb8   0x08001bb8   0x00000008   Code   RO         8522    i.HCD_GetCurrentFrame  usb_hcd.o
    0x08001bc0   0x08001bc0   0x00000008   Code   RO         8525    i.HCD_GetURB_State  usb_hcd.o
    0x08001bc8   0x08001bc8   0x00000056   Code   RO         8528    i.HCD_Init          usb_hcd.o
    0x08001c1e   0x08001c1e   0x00000014   Code   RO         8532    i.HCD_SubmitRequest  usb_hcd.o
    0x08001c32   0x08001c32   0x00000002   PAD
    0x08001c34   0x08001c34   0x00000040   Code   RO          342    i.HardFault_Handler  stm32f4xx_it.o
    0x08001c74   0x08001c74   0x00000040   Code   RO         1695    i.I2C_Ack           i2c.o
    0x08001cb4   0x08001cb4   0x00000044   Code   RO         1696    i.I2C_GPIOInit      i2c.o
    0x08001cf8   0x08001cf8   0x00000040   Code   RO         1697    i.I2C_NAck          i2c.o
    0x08001d38   0x08001d38   0x00000070   Code   RO         1699    i.I2C_ReadByte      i2c.o
    0x08001da8   0x08001da8   0x0000003e   Code   RO         1700    i.I2C_ReadOneByte   i2c.o
    0x08001de6   0x08001de6   0x00000002   PAD
    0x08001de8   0x08001de8   0x00000050   Code   RO         1701    i.I2C_Start         i2c.o
    0x08001e38   0x08001e38   0x00000040   Code   RO         1702    i.I2C_Stop          i2c.o
    0x08001e78   0x08001e78   0x00000054   Code   RO         1703    i.I2C_WaiteForAck   i2c.o
    0x08001ecc   0x08001ecc   0x0000004a   Code   RO         1704    i.I2C_WriteBits     i2c.o
    0x08001f16   0x08001f16   0x00000002   PAD
    0x08001f18   0x08001f18   0x00000060   Code   RO         1706    i.I2C_WriteByte     i2c.o
    0x08001f78   0x08001f78   0x00000032   Code   RO         1708    i.I2C_WriteOneByte  i2c.o
    0x08001faa   0x08001faa   0x00000008   Code   RO         1509    i.ICM20948_getDeviceID  icm20948.o
    0x08001fb2   0x08001fb2   0x00000002   PAD
    0x08001fb4   0x08001fb4   0x000000b0   Code   RO         7870    i.Incremental_PI_A  balance.o
    0x08002064   0x08002064   0x000000b0   Code   RO         7871    i.Incremental_PI_B  balance.o
    0x08002114   0x08002114   0x000000b0   Code   RO         7872    i.Incremental_PI_C  balance.o
    0x080021c4   0x080021c4   0x000000b0   Code   RO         7873    i.Incremental_PI_D  balance.o
    0x08002274   0x08002274   0x000003dc   Code   RO         9087    i.JOY_Decode        usbh_hid_joy.o
    0x08002650   0x08002650   0x0000000c   Code   RO         9088    i.JOY_Init          usbh_hid_joy.o
    0x0800265c   0x0800265c   0x00000048   Code   RO         8139    i.JY61P_START       imu_task.o
    0x080026a4   0x080026a4   0x0000002c   Code   RO          721    i.KEY_Init          key.o
    0x080026d0   0x080026d0   0x00000090   Code   RO         7875    i.Limit_Pwm         balance.o
    0x08002760   0x08002760   0x00000032   Code   RO         1588    i.MPU6050_Set_LPF   mpu6050.o
    0x08002792   0x08002792   0x00000030   Code   RO         1589    i.MPU6050_Set_Rate  mpu6050.o
    0x080027c2   0x080027c2   0x00000008   Code   RO         1590    i.MPU6050_getDeviceID  mpu6050.o
    0x080027ca   0x080027ca   0x00000084   Code   RO         1591    i.MPU6050_initialize  mpu6050.o
    0x0800284e   0x0800284e   0x00000012   Code   RO         1594    i.MPU6050_setFullScaleAccelRange  mpu6050.o
    0x08002860   0x08002860   0x00000012   Code   RO         1595    i.MPU6050_setFullScaleGyroRange  mpu6050.o
    0x08002872   0x08002872   0x00000002   PAD
    0x08002874   0x08002874   0x00000080   Code   RO         8140    i.MPU6050_task      imu_task.o
    0x080028f4   0x080028f4   0x00000002   Code   RO          343    i.MemManage_Handler  stm32f4xx_it.o
    0x080028f6   0x080028f6   0x00000002   Code   RO          344    i.NMI_Handler       stm32f4xx_it.o
    0x080028f8   0x080028f8   0x00000064   Code   RO         2120    i.NVIC_Init         misc.o
    0x0800295c   0x0800295c   0x00000014   Code   RO         2121    i.NVIC_PriorityGroupConfig  misc.o
    0x08002970   0x08002970   0x0000002c   Code   RO          873    i.OLED_Clear        oled.o
    0x0800299c   0x0800299c   0x00000040   Code   RO          876    i.OLED_DrawBMP      oled.o
    0x080029dc   0x080029dc   0x0000003c   Code   RO          877    i.OLED_DrawPoint    oled.o
    0x08002a18   0x08002a18   0x0000002e   Code   RO          878    i.OLED_DrawPoint_Shu  oled.o
    0x08002a46   0x08002a46   0x00000002   PAD
    0x08002a48   0x08002a48   0x00000130   Code   RO          879    i.OLED_Init         oled.o
    0x08002b78   0x08002b78   0x00000048   Code   RO          880    i.OLED_Refresh_Gram  oled.o
    0x08002bc0   0x08002bc0   0x00000048   Code   RO          881    i.OLED_Refresh_Line  oled.o
    0x08002c08   0x08002c08   0x00000028   Code   RO          882    i.OLED_Set_Pos      oled.o
    0x08002c30   0x08002c30   0x0000002c   Code   RO          883    i.OLED_ShowCHinese  oled.o
    0x08002c5c   0x08002c5c   0x0000002c   Code   RO          884    i.OLED_ShowCHinese12  oled.o
    0x08002c88   0x08002c88   0x00000084   Code   RO          885    i.OLED_ShowChar     oled.o
    0x08002d0c   0x08002d0c   0x00000088   Code   RO          886    i.OLED_ShowFont12   oled.o
    0x08002d94   0x08002d94   0x00000084   Code   RO          887    i.OLED_ShowFont16   oled.o
    0x08002e18   0x08002e18   0x00000078   Code   RO          888    i.OLED_ShowNumber   oled.o
    0x08002e90   0x08002e90   0x0000003e   Code   RO          889    i.OLED_ShowString   oled.o
    0x08002ece   0x08002ece   0x0000003e   Code   RO          890    i.OLED_ShowString16  oled.o
    0x08002f0c   0x08002f0c   0x00000030   Code   RO          891    i.OLED_Show_POT     oled.o
    0x08002f3c   0x08002f3c   0x00000044   Code   RO          892    i.OLED_WR_Byte      oled.o
    0x08002f80   0x08002f80   0x0000003c   Code   RO         9193    i.OTG_FS_IRQHandler  usbh_usr.o
    0x08002fbc   0x08002fbc   0x00000052   Code   RO         1035    i.PID_Calculate     pstwo.o
    0x0800300e   0x0800300e   0x00000002   PAD
    0x08003010   0x08003010   0x00000084   Code   RO         1038    i.PS2_Cmd           pstwo.o
    0x08003094   0x08003094   0x0000005c   Code   RO         1040    i.PS2_EnterConfing  pstwo.o
    0x080030f0   0x080030f0   0x0000005c   Code   RO         1041    i.PS2_ExitConfing   pstwo.o
    0x0800314c   0x0800314c   0x00000054   Code   RO         1042    i.PS2_Init          pstwo.o
    0x080031a0   0x080031a0   0x0000001e   Code   RO         1047    i.PS2_SetInit       pstwo.o
    0x080031be   0x080031be   0x00000002   PAD
    0x080031c0   0x080031c0   0x00000044   Code   RO         1048    i.PS2_ShortPoll     pstwo.o
    0x08003204   0x08003204   0x00000058   Code   RO         1049    i.PS2_TurnOnAnalogMode  pstwo.o
    0x0800325c   0x0800325c   0x0000000c   Code   RO         3792    i.PWR_BackupAccessCmd  stm32f4xx_pwr.o
    0x08003268   0x08003268   0x00000018   Code   RO         2262    i.RCC_AHB1PeriphClockCmd  stm32f4xx_rcc.o
    0x08003280   0x08003280   0x00000018   Code   RO         2265    i.RCC_AHB2PeriphClockCmd  stm32f4xx_rcc.o
    0x08003298   0x08003298   0x00000018   Code   RO         2271    i.RCC_APB1PeriphClockCmd  stm32f4xx_rcc.o
    0x080032b0   0x080032b0   0x00000018   Code   RO         2274    i.RCC_APB2PeriphClockCmd  stm32f4xx_rcc.o
    0x080032c8   0x080032c8   0x00000018   Code   RO         2276    i.RCC_APB2PeriphResetCmd  stm32f4xx_rcc.o
    0x080032e0   0x080032e0   0x00000090   Code   RO         2283    i.RCC_GetClocksFreq  stm32f4xx_rcc.o
    0x08003370   0x08003370   0x0000001c   Code   RO         2292    i.RCC_LSEConfig     stm32f4xx_rcc.o
    0x0800338c   0x0800338c   0x00000040   Code   RO          650    i.Read_Encoder      encoder.o
    0x080033cc   0x080033cc   0x00000098   Code   RO         8059    i.Robot_Init        robot_select_init.o
    0x08003464   0x08003464   0x00000150   Code   RO         8060    i.Robot_Select      robot_select_init.o
    0x080035b4   0x080035b4   0x00000012   Code   RO         2014    i.SYS_VAL_t_Init    sys.o
    0x080035c6   0x080035c6   0x00000002   PAD
    0x080035c8   0x080035c8   0x0000004c   Code   RO         8142    i.SensorDataUpdata  imu_task.o
    0x08003614   0x08003614   0x00000004   Code   RO         8143    i.SensorUartSend    imu_task.o
    0x08003618   0x08003618   0x000000b4   Code   RO          462    i.SetSysClock       system_stm32f4xx.o
    0x080036cc   0x080036cc   0x00000074   Code   RO         7880    i.Set_Pwm           balance.o
    0x08003740   0x08003740   0x00000018   Code   RO         2124    i.SysTick_CLKSourceConfig  misc.o
    0x08003758   0x08003758   0x00000014   Code   RO         1957    i.SysTick_Handler   delay.o
    0x0800376c   0x0800376c   0x0000005c   Code   RO          464    i.SystemInit        system_stm32f4xx.o
    0x080037c8   0x080037c8   0x0000002e   Code   RO         3245    i.TI1_Config        stm32f4xx_tim.o
    0x080037f6   0x080037f6   0x00000036   Code   RO         3246    i.TI2_Config        stm32f4xx_tim.o
    0x0800382c   0x0800382c   0x000000a0   Code   RO          829    i.TIM10_PWM_Init    motor.o
    0x080038cc   0x080038cc   0x000000a8   Code   RO          830    i.TIM11_PWM_Init    motor.o
    0x08003974   0x08003974   0x000000d0   Code   RO         1197    i.TIM12_SERVO_Init  timer.o
    0x08003a44   0x08003a44   0x000000f8   Code   RO          831    i.TIM1_PWM_Init     motor.o
    0x08003b3c   0x08003b3c   0x00000010   Code   RO          651    i.TIM2_IRQHandler   encoder.o
    0x08003b4c   0x08003b4c   0x00000014   Code   RO          652    i.TIM3_IRQHandler   encoder.o
    0x08003b60   0x08003b60   0x00000014   Code   RO          653    i.TIM4_IRQHandler   encoder.o
    0x08003b74   0x08003b74   0x00000014   Code   RO          654    i.TIM5_IRQHandler   encoder.o
    0x08003b88   0x08003b88   0x00000014   Code   RO          655    i.TIM8_BRK_TIM12_IRQHandler  encoder.o
    0x08003b9c   0x08003b9c   0x000002a8   Code   RO         1198    i.TIM8_CC_IRQHandler  timer.o
    0x08003e44   0x08003e44   0x0000013c   Code   RO         1199    i.TIM8_Cap_Init     timer.o
    0x08003f80   0x08003f80   0x00000010   Code   RO         1201    i.TIM8_UP_TIM13_IRQHandler  timer.o
    0x08003f90   0x08003f90   0x000000b8   Code   RO          832    i.TIM9_PWM_Init     motor.o
    0x08004048   0x08004048   0x00000014   Code   RO         3247    i.TIM_ARRPreloadConfig  stm32f4xx_tim.o
    0x0800405c   0x0800405c   0x00000006   Code   RO         3253    i.TIM_ClearFlag     stm32f4xx_tim.o
    0x08004062   0x08004062   0x00000006   Code   RO         3254    i.TIM_ClearITPendingBit  stm32f4xx_tim.o
    0x08004068   0x08004068   0x00000014   Code   RO         3259    i.TIM_Cmd           stm32f4xx_tim.o
    0x0800407c   0x0800407c   0x00000016   Code   RO         3261    i.TIM_CtrlPWMOutputs  stm32f4xx_tim.o
    0x08004092   0x08004092   0x00000032   Code   RO         3268    i.TIM_EncoderInterfaceConfig  stm32f4xx_tim.o
    0x080040c4   0x080040c4   0x00000004   Code   RO         3274    i.TIM_GetCapture1   stm32f4xx_tim.o
    0x080040c8   0x080040c8   0x00000004   Code   RO         3275    i.TIM_GetCapture2   stm32f4xx_tim.o
    0x080040cc   0x080040cc   0x00000004   Code   RO         3276    i.TIM_GetCapture3   stm32f4xx_tim.o
    0x080040d0   0x080040d0   0x00000004   Code   RO         3277    i.TIM_GetCapture4   stm32f4xx_tim.o
    0x080040d4   0x080040d4   0x00000018   Code   RO         3280    i.TIM_GetITStatus   stm32f4xx_tim.o
    0x080040ec   0x080040ec   0x000000ac   Code   RO         3282    i.TIM_ICInit        stm32f4xx_tim.o
    0x08004198   0x08004198   0x00000010   Code   RO         3283    i.TIM_ICStructInit  stm32f4xx_tim.o
    0x080041a8   0x080041a8   0x00000010   Code   RO         3284    i.TIM_ITConfig      stm32f4xx_tim.o
    0x080041b8   0x080041b8   0x00000060   Code   RO         3288    i.TIM_OC1Init       stm32f4xx_tim.o
    0x08004218   0x08004218   0x0000000c   Code   RO         3290    i.TIM_OC1PolarityConfig  stm32f4xx_tim.o
    0x08004224   0x08004224   0x0000000c   Code   RO         3291    i.TIM_OC1PreloadConfig  stm32f4xx_tim.o
    0x08004230   0x08004230   0x00000080   Code   RO         3293    i.TIM_OC2Init       stm32f4xx_tim.o
    0x080042b0   0x080042b0   0x00000014   Code   RO         3295    i.TIM_OC2PolarityConfig  stm32f4xx_tim.o
    0x080042c4   0x080042c4   0x00000014   Code   RO         3296    i.TIM_OC2PreloadConfig  stm32f4xx_tim.o
    0x080042d8   0x080042d8   0x0000007c   Code   RO         3298    i.TIM_OC3Init       stm32f4xx_tim.o
    0x08004354   0x08004354   0x00000014   Code   RO         3300    i.TIM_OC3PolarityConfig  stm32f4xx_tim.o
    0x08004368   0x08004368   0x0000000c   Code   RO         3301    i.TIM_OC3PreloadConfig  stm32f4xx_tim.o
    0x08004374   0x08004374   0x00000060   Code   RO         3303    i.TIM_OC4Init       stm32f4xx_tim.o
    0x080043d4   0x080043d4   0x00000014   Code   RO         3304    i.TIM_OC4PolarityConfig  stm32f4xx_tim.o
    0x080043e8   0x080043e8   0x00000014   Code   RO         3305    i.TIM_OC4PreloadConfig  stm32f4xx_tim.o
    0x080043fc   0x080043fc   0x00000004   Code   RO         3325    i.TIM_SetCounter    stm32f4xx_tim.o
    0x08004400   0x08004400   0x00000010   Code   RO         3326    i.TIM_SetIC1Prescaler  stm32f4xx_tim.o
    0x08004410   0x08004410   0x00000018   Code   RO         3327    i.TIM_SetIC2Prescaler  stm32f4xx_tim.o
    0x08004428   0x08004428   0x00000010   Code   RO         3328    i.TIM_SetIC3Prescaler  stm32f4xx_tim.o
    0x08004438   0x08004438   0x00000018   Code   RO         3329    i.TIM_SetIC4Prescaler  stm32f4xx_tim.o
    0x08004450   0x08004450   0x0000007c   Code   RO         3331    i.TIM_TimeBaseInit  stm32f4xx_tim.o
    0x080044cc   0x080044cc   0x00000012   Code   RO         3332    i.TIM_TimeBaseStructInit  stm32f4xx_tim.o
    0x080044de   0x080044de   0x00000002   PAD
    0x080044e0   0x080044e0   0x00000084   Code   RO         1251    i.UART5_IRQHandler  usartx.o
    0x08004564   0x08004564   0x00000088   Code   RO         1253    i.USART2_IRQHandler  usartx.o
    0x080045ec   0x080045ec   0x000000bc   Code   RO         1255    i.USART3_IRQHandler  usartx.o
    0x080046a8   0x080046a8   0x00000006   Code   RO         2652    i.USART_ClearFlag   stm32f4xx_usart.o
    0x080046ae   0x080046ae   0x0000000c   Code   RO         2653    i.USART_ClearITPendingBit  stm32f4xx_usart.o
    0x080046ba   0x080046ba   0x00000014   Code   RO         2656    i.USART_Cmd         stm32f4xx_usart.o
    0x080046ce   0x080046ce   0x00000010   Code   RO         2657    i.USART_DMACmd      stm32f4xx_usart.o
    0x080046de   0x080046de   0x0000000e   Code   RO         2659    i.USART_GetFlagStatus  stm32f4xx_usart.o
    0x080046ec   0x080046ec   0x0000003e   Code   RO         2660    i.USART_GetITStatus  stm32f4xx_usart.o
    0x0800472a   0x0800472a   0x00000030   Code   RO         2662    i.USART_ITConfig    stm32f4xx_usart.o
    0x0800475a   0x0800475a   0x00000002   PAD
    0x0800475c   0x0800475c   0x000000ac   Code   RO         2663    i.USART_Init        stm32f4xx_usart.o
    0x08004808   0x08004808   0x00000008   Code   RO         2670    i.USART_ReceiveData  stm32f4xx_usart.o
    0x08004810   0x08004810   0x00000008   Code   RO         2673    i.USART_SendData    stm32f4xx_usart.o
    0x08004818   0x08004818   0x00000034   Code   RO         8807    i.USBH_Alloc_Channel  usbh_hcs.o
    0x0800484c   0x0800484c   0x0000002e   Code   RO         8933    i.USBH_ClrFeature   usbh_stdreq.o
    0x0800487a   0x0800487a   0x0000000a   Code   RO         8676    i.USBH_Connected    usbh_core.o
    0x08004884   0x08004884   0x00000046   Code   RO         8854    i.USBH_CtlReq       usbh_ioreq.o
    0x080048ca   0x080048ca   0x00000034   Code   RO         8677    i.USBH_DeInit       usbh_core.o
    0x080048fe   0x080048fe   0x00000024   Code   RO         8678    i.USBH_Disconnected  usbh_core.o
    0x08004922   0x08004922   0x00000018   Code   RO         8809    i.USBH_Free_Channel  usbh_hcs.o
    0x0800493a   0x0800493a   0x00000030   Code   RO         8934    i.USBH_GetDescriptor  usbh_stdreq.o
    0x0800496a   0x0800496a   0x00000002   PAD
    0x0800496c   0x0800496c   0x000000f0   Code   RO         9030    i.USBH_HID_ClassRequest  usbh_hid_core.o
    0x08004a5c   0x08004a5c   0x000000c8   Code   RO         9031    i.USBH_HID_Handle   usbh_hid_core.o
    0x08004b24   0x08004b24   0x00000048   Code   RO         9032    i.USBH_HID_InterfaceDeInit  usbh_hid_core.o
    0x08004b6c   0x08004b6c   0x000000bc   Code   RO         9033    i.USBH_HID_InterfaceInit  usbh_hid_core.o
    0x08004c28   0x08004c28   0x0000003a   Code   RO         8683    i.USBH_Init         usbh_core.o
    0x08004c62   0x08004c62   0x00000002   PAD
    0x08004c64   0x08004c64   0x00000058   Code   RO         8857    i.USBH_InterruptReceiveData  usbh_ioreq.o
    0x08004cbc   0x08004cbc   0x000000c8   Code   RO         8602    i.USBH_OTG_ISR_Handler  usb_hcd_int.o
    0x08004d84   0x08004d84   0x00000054   Code   RO         8811    i.USBH_Open_Channel  usbh_hcs.o
    0x08004dd8   0x08004dd8   0x0000000a   Code   RO         8684    i.USBH_PortDisabled  usbh_core.o
    0x08004de2   0x08004de2   0x0000000a   Code   RO         8685    i.USBH_PortEnabled  usbh_core.o
    0x08004dec   0x08004dec   0x00000004   Code   RO         8687    i.USBH_SOF          usbh_core.o
    0x08004df0   0x08004df0   0x00000002   Code   RO         9195    i.USBH_USR_Configuration_DescAvailable  usbh_usr.o
    0x08004df2   0x08004df2   0x00000002   Code   RO         9196    i.USBH_USR_DeInit   usbh_usr.o
    0x08004df4   0x08004df4   0x00000002   Code   RO         9197    i.USBH_USR_DeviceAddressAssigned  usbh_usr.o
    0x08004df6   0x08004df6   0x00000002   Code   RO         9198    i.USBH_USR_DeviceAttached  usbh_usr.o
    0x08004df8   0x08004df8   0x00000002   Code   RO         9199    i.USBH_USR_DeviceDisconnected  usbh_usr.o
    0x08004dfa   0x08004dfa   0x00000002   Code   RO         9200    i.USBH_USR_DeviceNotSupported  usbh_usr.o
    0x08004dfc   0x08004dfc   0x0000000c   Code   RO         9201    i.USBH_USR_DeviceSpeedDetected  usbh_usr.o
    0x08004e08   0x08004e08   0x00000040   Code   RO         9202    i.USBH_USR_Device_DescAvailable  usbh_usr.o
    0x08004e48   0x08004e48   0x0000000c   Code   RO         9203    i.USBH_USR_EnumerationDone  usbh_usr.o
    0x08004e54   0x08004e54   0x00000002   Code   RO         9204    i.USBH_USR_Init     usbh_usr.o
    0x08004e56   0x08004e56   0x00000002   Code   RO         9205    i.USBH_USR_Manufacturer_String  usbh_usr.o
    0x08004e58   0x08004e58   0x00000002   Code   RO         9206    i.USBH_USR_OverCurrentDetected  usbh_usr.o
    0x08004e5a   0x08004e5a   0x00000002   Code   RO         9207    i.USBH_USR_Product_String  usbh_usr.o
    0x08004e5c   0x08004e5c   0x00000002   Code   RO         9208    i.USBH_USR_ResetDevice  usbh_usr.o
    0x08004e5e   0x08004e5e   0x00000002   Code   RO         9209    i.USBH_USR_SerialNum_String  usbh_usr.o
    0x08004e60   0x08004e60   0x00000002   Code   RO         9210    i.USBH_USR_UnrecoveredError  usbh_usr.o
    0x08004e62   0x08004e62   0x00000004   Code   RO         9211    i.USBH_USR_UserInput  usbh_usr.o
    0x08004e66   0x08004e66   0x00000002   Code   RO         9131    i.USB_OTG_BSP_ConfigVBUS  usb_bsp.o
    0x08004e68   0x08004e68   0x00000016   Code   RO         9132    i.USB_OTG_BSP_DisableInterrupt  usb_bsp.o
    0x08004e7e   0x08004e7e   0x00000002   Code   RO         9133    i.USB_OTG_BSP_DriveVBUS  usb_bsp.o
    0x08004e80   0x08004e80   0x00000020   Code   RO         9134    i.USB_OTG_BSP_EnableInterrupt  usb_bsp.o
    0x08004ea0   0x08004ea0   0x00000054   Code   RO         9135    i.USB_OTG_BSP_Init  usb_bsp.o
    0x08004ef4   0x08004ef4   0x00000004   Code   RO         9136    i.USB_OTG_BSP_mDelay  usb_bsp.o
    0x08004ef8   0x08004ef8   0x00000006   Code   RO         9137    i.USB_OTG_BSP_uDelay  usb_bsp.o
    0x08004efe   0x08004efe   0x00000080   Code   RO         8316    i.USB_OTG_CoreInit  usb_core.o
    0x08004f7e   0x08004f7e   0x000000a6   Code   RO         8317    i.USB_OTG_CoreInitHost  usb_core.o
    0x08005024   0x08005024   0x00000058   Code   RO         8318    i.USB_OTG_CoreReset  usb_core.o
    0x0800507c   0x0800507c   0x00000010   Code   RO         8319    i.USB_OTG_DisableGlobalInt  usb_core.o
    0x0800508c   0x0800508c   0x0000003c   Code   RO         8320    i.USB_OTG_DriveVbus  usb_core.o
    0x080050c8   0x080050c8   0x00000010   Code   RO         8321    i.USB_OTG_EnableGlobalInt  usb_core.o
    0x080050d8   0x080050d8   0x0000004c   Code   RO         8322    i.USB_OTG_EnableHostInt  usb_core.o
    0x08005124   0x08005124   0x0000003c   Code   RO         8323    i.USB_OTG_FlushRxFifo  usb_core.o
    0x08005160   0x08005160   0x00000044   Code   RO         8324    i.USB_OTG_FlushTxFifo  usb_core.o
    0x080051a4   0x080051a4   0x0000002a   Code   RO         8326    i.USB_OTG_HC_DoPing  usb_core.o
    0x080051ce   0x080051ce   0x00000046   Code   RO         8327    i.USB_OTG_HC_Halt   usb_core.o
    0x08005214   0x08005214   0x000000ec   Code   RO         8328    i.USB_OTG_HC_Init   usb_core.o
    0x08005300   0x08005300   0x00000100   Code   RO         8329    i.USB_OTG_HC_StartXfer  usb_core.o
    0x08005400   0x08005400   0x0000000c   Code   RO         8330    i.USB_OTG_InitFSLSPClkSel  usb_core.o
    0x0800540c   0x0800540c   0x0000000c   Code   RO         8332    i.USB_OTG_IsEvenFrame  usb_core.o
    0x08005418   0x08005418   0x0000000e   Code   RO         8333    i.USB_OTG_IsHostMode  usb_core.o
    0x08005426   0x08005426   0x0000000a   Code   RO         8334    i.USB_OTG_ReadCoreItr  usb_core.o
    0x08005430   0x08005430   0x0000000c   Code   RO         8335    i.USB_OTG_ReadHPRT0  usb_core.o
    0x0800543c   0x0800543c   0x00000006   Code   RO         8336    i.USB_OTG_ReadHostAllChannels_intr  usb_core.o
    0x08005442   0x08005442   0x00000020   Code   RO         8338    i.USB_OTG_ReadPacket  usb_core.o
    0x08005462   0x08005462   0x0000002a   Code   RO         8339    i.USB_OTG_ResetPort  usb_core.o
    0x0800548c   0x0800548c   0x000000c0   Code   RO         8340    i.USB_OTG_SelectCore  usb_core.o
    0x0800554c   0x0800554c   0x0000002a   Code   RO         8341    i.USB_OTG_SetCurrentMode  usb_core.o
    0x08005576   0x08005576   0x00000002   PAD
    0x08005578   0x08005578   0x0000002c   Code   RO         8603    i.USB_OTG_USBH_handle_Disconnect_ISR  usb_hcd_int.o
    0x080055a4   0x080055a4   0x00000046   Code   RO         8604    i.USB_OTG_USBH_handle_IncompletePeriodicXfer_ISR  usb_hcd_int.o
    0x080055ea   0x080055ea   0x00000056   Code   RO         8605    i.USB_OTG_USBH_handle_hc_ISR  usb_hcd_int.o
    0x08005640   0x08005640   0x0000041e   Code   RO         8606    i.USB_OTG_USBH_handle_hc_n_In_ISR  usb_hcd_int.o
    0x08005a5e   0x08005a5e   0x000003b8   Code   RO         8607    i.USB_OTG_USBH_handle_hc_n_Out_ISR  usb_hcd_int.o
    0x08005e16   0x08005e16   0x00000136   Code   RO         8608    i.USB_OTG_USBH_handle_nptxfempty_ISR  usb_hcd_int.o
    0x08005f4c   0x08005f4c   0x0000013c   Code   RO         8609    i.USB_OTG_USBH_handle_port_ISR  usb_hcd_int.o
    0x08006088   0x08006088   0x00000136   Code   RO         8610    i.USB_OTG_USBH_handle_ptxfempty_ISR  usb_hcd_int.o
    0x080061be   0x080061be   0x00000164   Code   RO         8611    i.USB_OTG_USBH_handle_rx_qlvl_ISR  usb_hcd_int.o
    0x08006322   0x08006322   0x00000002   PAD
    0x08006324   0x08006324   0x0000002c   Code   RO         8612    i.USB_OTG_USBH_handle_sof_ISR  usb_hcd_int.o
    0x08006350   0x08006350   0x0000002a   Code   RO         8343    i.USB_OTG_WritePacket  usb_core.o
    0x0800637a   0x0800637a   0x00000002   PAD
    0x0800637c   0x0800637c   0x00000040   Code   RO         8144    i.Uart2Send         imu_task.o
    0x080063bc   0x080063bc   0x00000002   Code   RO          345    i.UsageFault_Handler  stm32f4xx_it.o
    0x080063be   0x080063be   0x00000002   PAD
    0x080063c0   0x080063c0   0x00000040   Code   RO          779    i.V1_0_LED_Init     led.o
    0x08006400   0x08006400   0x00000040   Code   RO          780    i.V1_1_LED_Init     led.o
    0x08006440   0x08006440   0x00000098   Code   RO         8089    i.VolMean_Filter    show.o
    0x080064d8   0x080064d8   0x000000ac   Code   RO         1259    i.Vz_to_Akm_Angle   usartx.o
    0x08006584   0x08006584   0x00000014   Code   RO         1799    i.WitDelayMsRegister  wit_c_sdk.o
    0x08006598   0x08006598   0x0000001c   Code   RO         1801    i.WitInit           wit_c_sdk.o
    0x080065b4   0x080065b4   0x00000014   Code   RO         1803    i.WitRegisterCallBack  wit_c_sdk.o
    0x080065c8   0x080065c8   0x00000084   Code   RO         1804    i.WitSerialDataIn   wit_c_sdk.o
    0x0800664c   0x0800664c   0x00000014   Code   RO         1805    i.WitSerialWriteRegister  wit_c_sdk.o
    0x08006660   0x08006660   0x00000020   Code   RO         9612    i.__0printf         mc_w.l(printfa.o)
    0x08006680   0x08006680   0x00000030   Code   RO         9676    i.__ARM_fpclassify  m_wm.l(fpclassify.o)
    0x080066b0   0x080066b0   0x000002d8   Code   RO         9340    i.__hardfp_atan     m_wm.l(atan.o)
    0x08006988   0x08006988   0x000000f8   Code   RO         9678    i.__kernel_poly     m_wm.l(poly.o)
    0x08006a80   0x08006a80   0x00000014   Code   RO         9657    i.__mathlib_dbl_infnan  m_wm.l(dunder.o)
    0x08006a94   0x08006a94   0x00000004   PAD
    0x08006a98   0x08006a98   0x00000020   Code   RO         9662    i.__mathlib_dbl_underflow  m_wm.l(dunder.o)
    0x08006ab8   0x08006ab8   0x0000000e   Code   RO         9730    i.__scatterload_copy  mc_w.l(handlers.o)
    0x08006ac6   0x08006ac6   0x00000002   Code   RO         9731    i.__scatterload_null  mc_w.l(handlers.o)
    0x08006ac8   0x08006ac8   0x0000000e   Code   RO         9732    i.__scatterload_zeroinit  mc_w.l(handlers.o)
    0x08006ad6   0x08006ad6   0x00000002   PAD
    0x08006ad8   0x08006ad8   0x00000184   Code   RO         9619    i._fp_digits        mc_w.l(printfa.o)
    0x08006c5c   0x08006c5c   0x000006b4   Code   RO         9620    i._printf_core      mc_w.l(printfa.o)
    0x08007310   0x08007310   0x00000024   Code   RO         9621    i._printf_post_padding  mc_w.l(printfa.o)
    0x08007334   0x08007334   0x0000002e   Code   RO         9622    i._printf_pre_padding  mc_w.l(printfa.o)
    0x08007362   0x08007362   0x00000002   PAD
    0x08007364   0x08007364   0x00000018   Code   RO         1054    i.apply_deadzone    pstwo.o
    0x0800737c   0x0800737c   0x0000003c   Code   RO         1055    i.bias2angle        pstwo.o
    0x080073b8   0x080073b8   0x00000044   Code   RO         1262    i.data_task         usartx.o
    0x080073fc   0x080073fc   0x00000038   Code   RO         1958    i.delay_init        delay.o
    0x08007434   0x08007434   0x00000038   Code   RO         1959    i.delay_ms          delay.o
    0x0800746c   0x0800746c   0x00000034   Code   RO         1960    i.delay_us          delay.o
    0x080074a0   0x080074a0   0x00000018   Code   RO         9672    i.fabs              m_wm.l(fabs.o)
    0x080074b8   0x080074b8   0x00000010   Code   RO         7885    i.float_abs         balance.o
    0x080074c8   0x080074c8   0x00000014   Code   RO         2058    i.fputc             usart.o
    0x080074dc   0x080074dc   0x0000001c   Code   RO         1962    i.getSysTickCnt     delay.o
    0x080074f8   0x080074f8   0x00000018   Code   RO         1510    i.invMSInit         icm20948.o
    0x08007510   0x08007510   0x00000030   Code   RO         1512    i.invmsICM20948CalAvgValue  icm20948.o
    0x08007540   0x08007540   0x000000cc   Code   RO         1513    i.invmsICM20948GyroRead  icm20948.o
    0x0800760c   0x0800760c   0x000000d8   Code   RO         1514    i.invmsICM20948Init  icm20948.o
    0x080076e4   0x080076e4   0x000000ac   Code   RO         1515    i.invmsICM20948ReadSecondary  icm20948.o
    0x08007790   0x08007790   0x00000096   Code   RO         1516    i.invmsICM20948WriteSecondary  icm20948.o
    0x08007826   0x08007826   0x00000012   Code   RO          781    i.led_task          led.o
    0x08007838   0x08007838   0x00000050   Code   RO            3    i.main              main.o
    0x08007888   0x08007888   0x0000004c   Code   RO         1056    i.moving_average    pstwo.o
    0x080078d4   0x080078d4   0x00000010   Code   RO          893    i.oled_pow          oled.o
    0x080078e4   0x080078e4   0x00001444   Code   RO         8090    i.oled_show         show.o
    0x08008d28   0x08008d28   0x000000e0   Code   RO          894    i.oled_showfloat    oled.o
    0x08008e08   0x08008e08   0x00000056   Code   RO         1264    i.parse_packet      usartx.o
    0x08008e5e   0x08008e5e   0x00000002   PAD
    0x08008e60   0x08008e60   0x00000070   Code   RO         7243    i.prvAddCurrentTaskToDelayedList  tasks.o
    0x08008ed0   0x08008ed0   0x000000d0   Code   RO         7244    i.prvAddNewTaskToReadyList  tasks.o
    0x08008fa0   0x08008fa0   0x00000050   Code   RO         7596    i.prvCheckForValidListAndQueue  timers.o
    0x08008ff0   0x08008ff0   0x00000054   Code   RO         7245    i.prvCheckTasksWaitingTermination  tasks.o
    0x08009044   0x08009044   0x00000026   Code   RO         7020    i.prvCopyDataFromQueue  queue.o
    0x0800906a   0x0800906a   0x0000006c   Code   RO         7021    i.prvCopyDataToQueue  queue.o
    0x080090d6   0x080090d6   0x00000014   Code   RO         7246    i.prvDeleteTCB      tasks.o
    0x080090ea   0x080090ea   0x00000002   PAD
    0x080090ec   0x080090ec   0x0000004c   Code   RO         7809    i.prvHeapInit       heap_4.o
    0x08009138   0x08009138   0x00000028   Code   RO         7247    i.prvIdleTask       tasks.o
    0x08009160   0x08009160   0x000000c0   Code   RO         7248    i.prvInitialiseNewTask  tasks.o
    0x08009220   0x08009220   0x0000004c   Code   RO         7810    i.prvInsertBlockIntoFreeList  heap_4.o
    0x0800926c   0x0800926c   0x00000038   Code   RO         7597    i.prvInsertTimerInActiveList  timers.o
    0x080092a4   0x080092a4   0x0000001a   Code   RO         7022    i.prvIsQueueEmpty   queue.o
    0x080092be   0x080092be   0x00000002   PAD
    0x080092c0   0x080092c0   0x00000090   Code   RO         7023    i.prvNotifyQueueSetContainer  queue.o
    0x08009350   0x08009350   0x00000060   Code   RO         7598    i.prvProcessExpiredTimer  timers.o
    0x080093b0   0x080093b0   0x000000f0   Code   RO         7599    i.prvProcessReceivedCommands  timers.o
    0x080094a0   0x080094a0   0x0000006c   Code   RO         7600    i.prvProcessTimerOrBlockTask  timers.o
    0x0800950c   0x0800950c   0x00000020   Code   RO         7250    i.prvResetNextTaskUnblockTime  tasks.o
    0x0800952c   0x0800952c   0x00000028   Code   RO         7601    i.prvSampleTimeNow  timers.o
    0x08009554   0x08009554   0x0000006c   Code   RO         7602    i.prvSwitchTimerLists  timers.o
    0x080095c0   0x080095c0   0x00000064   Code   RO         7725    i.prvTaskExitError  port.o
    0x08009624   0x08009624   0x00000028   Code   RO         7603    i.prvTimerTask      timers.o
    0x0800964c   0x0800964c   0x00000078   Code   RO         7024    i.prvUnlockQueue    queue.o
    0x080096c4   0x080096c4   0x00000014   Code   RO         9089    i.ps2_set_bit       usbh_hid_joy.o
    0x080096d8   0x080096d8   0x00000174   Code   RO         1057    i.pstwo_task        pstwo.o
    0x0800984c   0x0800984c   0x00000114   Code   RO         7811    i.pvPortMalloc      heap_4.o
    0x08009960   0x08009960   0x00000018   Code   RO         7252    i.pvTaskIncrementMutexHeldCount  tasks.o
    0x08009978   0x08009978   0x0000002c   Code   RO         7726    i.pxPortInitialiseStack  port.o
    0x080099a4   0x080099a4   0x000000dc   Code   RO         7890    i.rotation          balance.o
    0x08009a80   0x08009a80   0x000000dc   Code   RO         7891    i.rotation1         balance.o
    0x08009b5c   0x08009b5c   0x00000160   Code   RO         8091    i.show_task         show.o
    0x08009cbc   0x08009cbc   0x00000104   Code   RO            4    i.start_task        main.o
    0x08009dc0   0x08009dc0   0x0000017c   Code   RO         8221    i.systemInit        system.o
    0x08009f3c   0x08009f3c   0x00000020   Code   RO         7892    i.target_limit_float  balance.o
    0x08009f5c   0x08009f5c   0x00000108   Code   RO         1266    i.uart1_init        usartx.o
    0x0800a064   0x0800a064   0x0000013c   Code   RO         1268    i.uart5_init        usartx.o
    0x0800a1a0   0x0800a1a0   0x00000024   Code   RO         6975    i.uxListRemove      list.o
    0x0800a1c4   0x0800a1c4   0x00000016   Code   RO         6976    i.vListInitialise   list.o
    0x0800a1da   0x0800a1da   0x00000006   Code   RO         6977    i.vListInitialiseItem  list.o
    0x0800a1e0   0x0800a1e0   0x00000030   Code   RO         6978    i.vListInsert       list.o
    0x0800a210   0x0800a210   0x00000018   Code   RO         6979    i.vListInsertEnd    list.o
    0x0800a228   0x0800a228   0x00000078   Code   RO         7728    i.vPortEnterCritical  port.o
    0x0800a2a0   0x0800a2a0   0x00000064   Code   RO         7729    i.vPortExitCritical  port.o
    0x0800a304   0x0800a304   0x0000009c   Code   RO         7812    i.vPortFree         heap_4.o
    0x0800a3a0   0x0800a3a0   0x00000020   Code   RO         7730    i.vPortSetupTimerInterrupt  port.o
    0x0800a3c0   0x0800a3c0   0x0000008c   Code   RO         7731    i.vPortValidateInterruptPriority  port.o
    0x0800a44c   0x0800a44c   0x00000024   Code   RO         7030    i.vQueueAddToRegistry  queue.o
    0x0800a470   0x0800a470   0x00000044   Code   RO         7034    i.vQueueWaitForMessageRestricted  queue.o
    0x0800a4b4   0x0800a4b4   0x0000006c   Code   RO         7260    i.vTaskDelay        tasks.o
    0x0800a520   0x0800a520   0x000000ac   Code   RO         7261    i.vTaskDelayUntil   tasks.o
    0x0800a5cc   0x0800a5cc   0x000000cc   Code   RO         7262    i.vTaskDelete       tasks.o
    0x0800a698   0x0800a698   0x0000000c   Code   RO         7266    i.vTaskMissedYield  tasks.o
    0x0800a6a4   0x0800a6a4   0x00000054   Code   RO         7268    i.vTaskPlaceOnEventList  tasks.o
    0x0800a6f8   0x0800a6f8   0x0000005c   Code   RO         7269    i.vTaskPlaceOnEventListRestricted  tasks.o
    0x0800a754   0x0800a754   0x00000084   Code   RO         7271    i.vTaskPriorityInherit  tasks.o
    0x0800a7d8   0x0800a7d8   0x00000048   Code   RO         7275    i.vTaskSetTimeOutState  tasks.o
    0x0800a820   0x0800a820   0x00000094   Code   RO         7276    i.vTaskStartScheduler  tasks.o
    0x0800a8b4   0x0800a8b4   0x00000010   Code   RO         7278    i.vTaskSuspendAll   tasks.o
    0x0800a8c4   0x0800a8c4   0x0000007c   Code   RO         7279    i.vTaskSwitchContext  tasks.o
    0x0800a940   0x0800a940   0x00000114   Code   RO         7732    i.xPortStartScheduler  port.o
    0x0800aa54   0x0800aa54   0x0000002c   Code   RO         7733    i.xPortSysTickHandler  port.o
    0x0800aa80   0x0800aa80   0x00000078   Code   RO         7039    i.xQueueGenericCreate  queue.o
    0x0800aaf8   0x0800aaf8   0x00000184   Code   RO         7040    i.xQueueGenericReceive  queue.o
    0x0800ac7c   0x0800ac7c   0x000000a8   Code   RO         7041    i.xQueueGenericReset  queue.o
    0x0800ad24   0x0800ad24   0x00000188   Code   RO         7042    i.xQueueGenericSend  queue.o
    0x0800aeac   0x0800aeac   0x000000e0   Code   RO         7043    i.xQueueGenericSendFromISR  queue.o
    0x0800af8c   0x0800af8c   0x00000088   Code   RO         7280    i.xTaskCheckForTimeOut  tasks.o
    0x0800b014   0x0800b014   0x00000056   Code   RO         7281    i.xTaskCreate       tasks.o
    0x0800b06a   0x0800b06a   0x00000002   PAD
    0x0800b06c   0x0800b06c   0x0000001c   Code   RO         7285    i.xTaskGetSchedulerState  tasks.o
    0x0800b088   0x0800b088   0x0000000c   Code   RO         7286    i.xTaskGetTickCount  tasks.o
    0x0800b094   0x0800b094   0x000000e8   Code   RO         7288    i.xTaskIncrementTick  tasks.o
    0x0800b17c   0x0800b17c   0x000000b4   Code   RO         7291    i.xTaskPriorityDisinherit  tasks.o
    0x0800b230   0x0800b230   0x00000098   Code   RO         7292    i.xTaskRemoveFromEventList  tasks.o
    0x0800b2c8   0x0800b2c8   0x000000e4   Code   RO         7294    i.xTaskResumeAll    tasks.o
    0x0800b3ac   0x0800b3ac   0x00000074   Code   RO         7606    i.xTimerCreate      timers.o
    0x0800b420   0x0800b420   0x00000074   Code   RO         7607    i.xTimerCreateTimerTask  timers.o
    0x0800b494   0x0800b494   0x00000090   Code   RO         7608    i.xTimerGenericCommand  timers.o
    0x0800b524   0x0800b524   0x00001a24   Data   RO          896    .constdata          oled.o
    0x0800cf48   0x0800cf48   0x00000200   Data   RO          898    .constdata          oled.o
    0x0800d148   0x0800d148   0x00000098   Data   RO         9343    .constdata          m_wm.l(atan.o)
    0x0800d1e0   0x0800d1e0   0x00000059   Data   RO         1275    .conststring        usartx.o
    0x0800d239   0x0800d239   0x00000003   PAD
    0x0800d23c   0x0800d23c   0x00000020   Data   RO         9728    Region$$Table       anon$$obj.o


    Execution Region RW_IRAM2 (Exec base: 0x10000000, Load base: 0x0800d37c, Size: 0x00000000, Max: 0x00010000, ABSOLUTE)

    **** No section assigned to this execution region ****


    Execution Region RW_IRAM1 (Exec base: 0x20000000, Load base: 0x0800d25c, Size: 0x00007010, Max: 0x00020000, ABSOLUTE, COMPRESSED[0x00000120])

    Exec Addr    Load Addr    Size         Type   Attr      Idx    E Section Name        Object

    0x20000000   COMPRESSED   0x00000004   Data   RW            5    .data               main.o
    0x20000004   COMPRESSED   0x00000024   Data   RW            6    .data               main.o
    0x20000028   COMPRESSED   0x00000014   Data   RW          465    .data               system_stm32f4xx.o
    0x2000003c   COMPRESSED   0x00000004   Data   RW          510    .data               adc.o
    0x20000040   COMPRESSED   0x00000004   Data   RW          512    .data               adc.o
    0x20000044   COMPRESSED   0x00000048   Data   RW         1059    .data               pstwo.o
    0x2000008c   COMPRESSED   0x00000048   Data   RW         1202    .data               timer.o
    0x200000d4   COMPRESSED   0x00000070   Data   RW         1277    .data               usartx.o
    0x20000144   COMPRESSED   0x00000001   Data   RW         1468    .data               autorecharge.o
    0x20000145   COMPRESSED   0x00000003   PAD
    0x20000148   COMPRESSED   0x00000004   Data   RW         1469    .data               autorecharge.o
    0x2000014c   COMPRESSED   0x00000001   Data   RW         1471    .data               autorecharge.o
    0x2000014d   COMPRESSED   0x00000001   Data   RW         1472    .data               autorecharge.o
    0x2000014e   COMPRESSED   0x00000002   PAD
    0x20000150   COMPRESSED   0x00000004   Data   RW         1473    .data               autorecharge.o
    0x20000154   COMPRESSED   0x00000004   Data   RW         1474    .data               autorecharge.o
    0x20000158   COMPRESSED   0x00000004   Data   RW         1475    .data               autorecharge.o
    0x2000015c   COMPRESSED   0x00000001   Data   RW         1479    .data               autorecharge.o
    0x2000015d   COMPRESSED   0x00000001   Data   RW         1480    .data               autorecharge.o
    0x2000015e   COMPRESSED   0x00000001   Data   RW         1481    .data               autorecharge.o
    0x2000015f   COMPRESSED   0x00000001   Data   RW         1482    .data               autorecharge.o
    0x20000160   COMPRESSED   0x0000000e   Data   RW         1518    .data               icm20948.o
    0x2000016e   COMPRESSED   0x00000002   PAD
    0x20000170   COMPRESSED   0x00000028   Data   RW         1819    .data               wit_c_sdk.o
    0x20000198   COMPRESSED   0x00000008   Data   RW         1963    .data               delay.o
    0x200001a0   COMPRESSED   0x00000004   Data   RW         2063    .data               usart.o
    0x200001a4   COMPRESSED   0x00000010   Data   RW         2315    .data               stm32f4xx_rcc.o
    0x200001b4   COMPRESSED   0x0000003c   Data   RW         7297    .data               tasks.o
    0x200001f0   COMPRESSED   0x00000014   Data   RW         7616    .data               timers.o
    0x20000204   COMPRESSED   0x0000000c   Data   RW         7734    .data               port.o
    0x20000210   COMPRESSED   0x00000018   Data   RW         7817    .data               heap_4.o
    0x20000228   COMPRESSED   0x000000a4   Data   RW         7895    .data               balance.o
    0x200002cc   COMPRESSED   0x00000001   Data   RW         7896    .data               balance.o
    0x200002cd   COMPRESSED   0x00000003   PAD
    0x200002d0   COMPRESSED   0x0000001c   Data   RW         8093    .data               show.o
    0x200002ec   COMPRESSED   0x0000001c   Data   RW         8148    .data               imu_task.o
    0x20000308   COMPRESSED   0x00000001   Data   RW         8232    .data               system.o
    0x20000309   COMPRESSED   0x00000003   PAD
    0x2000030c   COMPRESSED   0x00000004   Data   RW         8234    .data               system.o
    0x20000310   COMPRESSED   0x00000004   Data   RW         8235    .data               system.o
    0x20000314   COMPRESSED   0x00000004   Data   RW         8236    .data               system.o
    0x20000318   COMPRESSED   0x00000004   Data   RW         8237    .data               system.o
    0x2000031c   COMPRESSED   0x00000004   Data   RW         8238    .data               system.o
    0x20000320   COMPRESSED   0x00000001   Data   RW         8239    .data               system.o
    0x20000321   COMPRESSED   0x00000001   Data   RW         8240    .data               system.o
    0x20000322   COMPRESSED   0x00000001   Data   RW         8241    .data               system.o
    0x20000323   COMPRESSED   0x00000001   Data   RW         8242    .data               system.o
    0x20000324   COMPRESSED   0x00000004   Data   RW         8244    .data               system.o
    0x20000328   COMPRESSED   0x00000004   Data   RW         8248    .data               system.o
    0x2000032c   COMPRESSED   0x00000004   Data   RW         8249    .data               system.o
    0x20000330   COMPRESSED   0x00000001   Data   RW         8251    .data               system.o
    0x20000331   COMPRESSED   0x00000001   Data   RW         8252    .data               system.o
    0x20000332   COMPRESSED   0x00000001   Data   RW         8253    .data               system.o
    0x20000333   COMPRESSED   0x00000001   PAD
    0x20000334   COMPRESSED   0x00000018   Data   RW         8257    .data               system.o
    0x2000034c   COMPRESSED   0x00000001   Data   RW         8259    .data               system.o
    0x2000034d   COMPRESSED   0x00000003   PAD
    0x20000350   COMPRESSED   0x00000004   Data   RW         8262    .data               system.o
    0x20000354   COMPRESSED   0x00000004   Data   RW         8263    .data               system.o
    0x20000358   COMPRESSED   0x00000004   Data   RW         8264    .data               system.o
    0x2000035c   COMPRESSED   0x00000004   Data   RW         8265    .data               system.o
    0x20000360   COMPRESSED   0x00000004   Data   RW         8266    .data               system.o
    0x20000364   COMPRESSED   0x00000004   Data   RW         8267    .data               system.o
    0x20000368   COMPRESSED   0x00000004   Data   RW         8268    .data               system.o
    0x2000036c   COMPRESSED   0x00000001   Data   RW         8269    .data               system.o
    0x2000036d   COMPRESSED   0x00000001   Data   RW         8270    .data               system.o
    0x2000036e   COMPRESSED   0x00000002   PAD
    0x20000370   COMPRESSED   0x00000004   Data   RW         8280    .data               system.o
    0x20000374   COMPRESSED   0x00000014   Data   RW         8690    .data               usbh_core.o
    0x20000388   COMPRESSED   0x00000004   Data   RW         8691    .data               usbh_core.o
    0x2000038c   COMPRESSED   0x00000006   Data   RW         8693    .data               usbh_core.o
    0x20000392   COMPRESSED   0x00000001   Data   RW         9037    .data               usbh_hid_core.o
    0x20000393   COMPRESSED   0x00000001   PAD
    0x20000394   COMPRESSED   0x00000010   Data   RW         9038    .data               usbh_hid_core.o
    0x200003a4   COMPRESSED   0x00000008   Data   RW         9090    .data               usbh_hid_joy.o
    0x200003ac   COMPRESSED   0x00000008   Data   RW         9091    .data               usbh_hid_joy.o
    0x200003b4   COMPRESSED   0x00000001   Data   RW         9212    .data               usbh_usr.o
    0x200003b5   COMPRESSED   0x00000001   PAD
    0x200003b6   COMPRESSED   0x00000002   Data   RW         9213    .data               usbh_usr.o
    0x200003b8   COMPRESSED   0x00000048   Data   RW         9214    .data               usbh_usr.o
    0x20000400   COMPRESSED   0x0000000b   Data   RW         1281    .dma_buffer         usartx.o
    0x2000040b   COMPRESSED   0x00000001   PAD
    0x2000040c        -       0x0000040c   Zero   RW          895    .bss                oled.o
    0x20000818        -       0x00000020   Zero   RW         1058    .bss                pstwo.o
    0x20000838        -       0x00000134   Zero   RW         1273    .bss                usartx.o
    0x2000096c        -       0x0000006c   Zero   RW         1517    .bss                icm20948.o
    0x200009d8        -       0x00000220   Zero   RW         1817    .bss                wit_c_sdk.o
    0x20000bf8        -       0x00000040   Zero   RW         7054    .bss                queue.o
    0x20000c38        -       0x000002e4   Zero   RW         7296    .bss                tasks.o
    0x20000f1c        -       0x00000028   Zero   RW         7615    .bss                timers.o
    0x20000f44        -       0x00005000   Zero   RW         7816    .bss                heap_4.o
    0x20005f44        -       0x00000010   Zero   RW         7894    .bss                balance.o
    0x20005f54        -       0x00000018   Zero   RW         8061    .bss                robot_select_init.o
    0x20005f6c        -       0x00000190   Zero   RW         8092    .bss                show.o
    0x200060fc        -       0x00000024   Zero   RW         8146    .bss                imu_task.o
    0x20006120        -       0x00000014   Zero   RW         8224    .bss                system.o
    0x20006134        -       0x00000014   Zero   RW         8225    .bss                system.o
    0x20006148        -       0x00000014   Zero   RW         8226    .bss                system.o
    0x2000615c        -       0x00000014   Zero   RW         8227    .bss                system.o
    0x20006170        -       0x00000640   Zero   RW         8228    .bss                system.o
    0x200067b0        -       0x0000005e   Zero   RW         9035    .bss                usbh_hid_core.o
    0x2000680e   COMPRESSED   0x00000002   PAD
    0x20006810        -       0x00000800   Zero   RW         2111    STACK               startup_stm32f40_41xxx.o


==============================================================================

Image component sizes


      Code (inc. data)   RO Data    RW Data    ZI Data      Debug   Object Name

       502         60          0          8          0       3857   adc.o
         0          0          0         23          0        930   autorecharge.o
      2244        378          0        165         16      13541   balance.o
      1542        160          0          0          0       5653   can.o
       212         18          0          8          0       3045   delay.o
       944         70          0          0          0       5811   encoder.o
         0          0          0          0          0       1500   event_groups.o
       584        138          0         24      20480       4011   heap_4.o
       818         74          0          0          0       6593   i2c.o
       822         16          0         14        108       9947   icm20948.o
       348         40          0         28         36       5727   imu_task.o
        44          4          0          0          0        499   key.o
       198         16          0          0          0       2093   led.o
       136          0          0          0          0       3090   list.o
       340        126          0         40          0     360492   main.o
       144         14          0          0          0       2025   misc.o
       808         44          0          0          0       3619   motor.o
       274          0          0          0          0       3889   mpu6050.o
      1862         70       7204          0       1036      15958   oled.o
      1038        382          0         12          0      10601   port.o
      1200        102          0         72         32      10431   pstwo.o
      1832        236          0          0         64      13149   queue.o
       488        146          0          0         24       1857   robot_select_init.o
      5692       1132          0         28        400       6258   show.o
        36          8        392          0       2048        816   startup_stm32f40_41xxx.o
       286         20          0          0          0       5458   stm32f4xx_adc.o
        16          0          0          0          0       1527   stm32f4xx_can.o
       158         16          0          0          0       4035   stm32f4xx_dma.o
       156          0          0          0          0       2242   stm32f4xx_gpio.o
        74         12          0          0          0     256660   stm32f4xx_it.o
        12          6          0          0          0        510   stm32f4xx_pwr.o
       292         48          0         16          0       6285   stm32f4xx_rcc.o
      1274         60          0          0          0      23336   stm32f4xx_tim.o
       366          8          0          0          0       7244   stm32f4xx_usart.o
        18          0          0          0          0       3038   sys.o
       416         62          0         99       1680       9462   system.o
       272         36          0         20          0       1693   system_stm32f4xx.o
      2930        714          0         60        740      30097   tasks.o
      1220         60          0         72          0       4729   timer.o
      1144        260          0         20         40       9742   timers.o
        20          6          0          4          0       3098   usart.o
      1362        118         89        123        308      50531   usartx.o
       152          6          0          0          0       4123   usb_bsp.o
      1698         28          0          0          0      38281   usb_core.o
       122          0          0          0          0       2940   usb_hcd.o
      3742         16          0          0          0      10859   usb_hcd_int.o
       180          0          0         30          0      16605   usbh_core.o
       160          0          0          0          0       2737   usbh_hcs.o
       700         42          0         17         94       7288   usbh_hid_core.o
      1020         14          0         16          0       4457   usbh_hid_joy.o
       158          4          0          0          0       2410   usbh_ioreq.o
        94          0          0          0          0       2430   usbh_stdreq.o
       178         26          0         75          0      12086   usbh_usr.o
       400         50          0         40        544       6516   wit_c_sdk.o

    ----------------------------------------------------------------------
     40786       4846       7720       1036      27652    1025811   Object Totals
         0          0         32          0          0          0   (incl. Generated)
        58          0          3         22          2          0   (incl. Padding)

    ----------------------------------------------------------------------

      Code (inc. data)   RO Data    RW Data    ZI Data      Debug   Library Member Name

       728        106        152          0          0        228   atan.o
        52          8          0          0          0        248   dunder.o
        24          0          0          0          0        124   fabs.o
        48          0          0          0          0        124   fpclassify.o
       248          0          0          0          0        152   poly.o
        86          0          0          0          0          0   __dczerorl2.o
         0          0          0          0          0          0   entry.o
         0          0          0          0          0          0   entry10a.o
         0          0          0          0          0          0   entry11a.o
         4          0          0          0          0          0   entry12b.o
         8          4          0          0          0          0   entry2.o
         4          0          0          0          0          0   entry5.o
         0          0          0          0          0          0   entry7b.o
         0          0          0          0          0          0   entry8b.o
         8          4          0          0          0          0   entry9a.o
        30          0          0          0          0          0   handlers.o
        36          8          0          0          0         68   init.o
         0          0          0          0          0          0   iusefp.o
        30          0          0          0          0         68   llshl.o
        36          0          0          0          0         68   llsshr.o
        32          0          0          0          0         68   llushr.o
        36          0          0          0          0         68   memcpya.o
        36          0          0          0          0        108   memseta.o
      2218         90          0          0          0        464   printfa.o
        44          0          0          0          0         80   uidiv.o
        98          0          0          0          0         92   uldiv.o
        48          0          0          0          0         68   cdcmple.o
        48          0          0          0          0         68   cdrcmple.o
        56          0          0          0          0         88   d2f.o
       334          0          0          0          0        148   dadd.o
       222          0          0          0          0        100   ddiv.o
       186          0          0          0          0        176   depilogue.o
        48          0          0          0          0         68   dfixul.o
        34          0          0          0          0         76   dflti.o
        26          0          0          0          0         76   dfltui.o
       228          0          0          0          0         96   dmul.o
        38          0          0          0          0         68   f2d.o
       110          0          0          0          0        168   fepilogue.o

    ----------------------------------------------------------------------
      5194        220        152          0          0       3160   Library Totals
        10          0          0          0          0          0   (incl. Padding)

    ----------------------------------------------------------------------

      Code (inc. data)   RO Data    RW Data    ZI Data      Debug   Library Name

      1100        114        152          0          0        876   m_wm.l
      2706        106          0          0          0       1084   mc_w.l
      1378          0          0          0          0       1200   mf_w.l

    ----------------------------------------------------------------------
      5194        220        152          0          0       3160   Library Totals

    ----------------------------------------------------------------------

==============================================================================


      Code (inc. data)   RO Data    RW Data    ZI Data      Debug   

     45980       5066       7872       1036      27652     991711   Grand Totals
     45980       5066       7872        288      27652     991711   ELF Image Totals (compressed)
     45980       5066       7872        288          0          0   ROM Totals

==============================================================================

    Total RO  Size (Code + RO Data)                53852 (  52.59kB)
    Total RW  Size (RW Data + ZI Data)             28688 (  28.02kB)
    Total ROM Size (Code + RO Data + RW Data)      54140 (  52.87kB)

==============================================================================

